Component: Arm Compiler for Embedded 6.21 Tool: armlink [5ec1fa00]

==============================================================================

Section Cross References

    startup_stm32f103xb.o(STACK) refers (Special) to heapauxi.o(.text) for __use_two_region_memory
    startup_stm32f103xb.o(HEAP) refers (Special) to heapauxi.o(.text) for __use_two_region_memory
    startup_stm32f103xb.o(RESET) refers (Special) to heapauxi.o(.text) for __use_two_region_memory
    startup_stm32f103xb.o(RESET) refers to startup_stm32f103xb.o(STACK) for __initial_sp
    startup_stm32f103xb.o(RESET) refers to startup_stm32f103xb.o(.text) for Reset_Handler
    startup_stm32f103xb.o(RESET) refers to stm32f1xx_it.o(.text.NMI_Handler) for NMI_Handler
    startup_stm32f103xb.o(RESET) refers to stm32f1xx_it.o(.text.HardFault_Handler) for HardFault_Handler
    startup_stm32f103xb.o(RESET) refers to stm32f1xx_it.o(.text.MemManage_Handler) for MemManage_Handler
    startup_stm32f103xb.o(RESET) refers to stm32f1xx_it.o(.text.BusFault_Handler) for BusFault_Handler
    startup_stm32f103xb.o(RESET) refers to stm32f1xx_it.o(.text.UsageFault_Handler) for UsageFault_Handler
    startup_stm32f103xb.o(RESET) refers to stm32f1xx_it.o(.text.SVC_Handler) for SVC_Handler
    startup_stm32f103xb.o(RESET) refers to stm32f1xx_it.o(.text.DebugMon_Handler) for DebugMon_Handler
    startup_stm32f103xb.o(RESET) refers to stm32f1xx_it.o(.text.PendSV_Handler) for PendSV_Handler
    startup_stm32f103xb.o(RESET) refers to stm32f1xx_it.o(.text.SysTick_Handler) for SysTick_Handler
    startup_stm32f103xb.o(.text) refers (Special) to heapauxi.o(.text) for __use_two_region_memory
    startup_stm32f103xb.o(.text) refers to system_stm32f1xx.o(.text.SystemInit) for SystemInit
    startup_stm32f103xb.o(.text) refers to __main.o(!!!main) for __main
    startup_stm32f103xb.o(.text) refers to startup_stm32f103xb.o(HEAP) for Heap_Mem
    startup_stm32f103xb.o(.text) refers to startup_stm32f103xb.o(STACK) for Stack_Mem
    i2c-lcd.o(.text.lcd_send_cmd) refers to i2c.o(.text.i2c1_Write_Byte) for i2c1_Write_Byte
    i2c-lcd.o(.ARM.exidx.text.lcd_send_cmd) refers to i2c-lcd.o(.text.lcd_send_cmd) for [Anonymous Symbol]
    i2c-lcd.o(.text.lcd_send_data) refers to i2c.o(.text.i2c1_Write_Byte) for i2c1_Write_Byte
    i2c-lcd.o(.ARM.exidx.text.lcd_send_data) refers to i2c-lcd.o(.text.lcd_send_data) for [Anonymous Symbol]
    i2c-lcd.o(.text.lcd_init) refers to i2c.o(.text.i2c1_Write_Byte) for i2c1_Write_Byte
    i2c-lcd.o(.text.lcd_init) refers to stm32f1xx_hal.o(.text.HAL_Delay) for HAL_Delay
    i2c-lcd.o(.ARM.exidx.text.lcd_init) refers to i2c-lcd.o(.text.lcd_init) for [Anonymous Symbol]
    i2c-lcd.o(.text.lcd_send_string) refers to vsnprintf.o(.text) for vsnprintf
    i2c-lcd.o(.text.lcd_send_string) refers to i2c.o(.text.i2c1_Write_Byte) for i2c1_Write_Byte
    i2c-lcd.o(.ARM.exidx.text.lcd_send_string) refers to i2c-lcd.o(.text.lcd_send_string) for [Anonymous Symbol]
    i2c-lcd.o(.text.lcd_clear_display) refers to i2c.o(.text.i2c1_Write_Byte) for i2c1_Write_Byte
    i2c-lcd.o(.text.lcd_clear_display) refers to stm32f1xx_hal.o(.text.HAL_Delay) for HAL_Delay
    i2c-lcd.o(.ARM.exidx.text.lcd_clear_display) refers to i2c-lcd.o(.text.lcd_clear_display) for [Anonymous Symbol]
    i2c-lcd.o(.text.lcd_goto_XY) refers to i2c.o(.text.i2c1_Write_Byte) for i2c1_Write_Byte
    i2c-lcd.o(.text.lcd_goto_XY) refers to stm32f1xx_hal.o(.text.HAL_Delay) for HAL_Delay
    i2c-lcd.o(.ARM.exidx.text.lcd_goto_XY) refers to i2c-lcd.o(.text.lcd_goto_XY) for [Anonymous Symbol]
    main.o(.text.main) refers to stm32f1xx_hal.o(.text.HAL_Init) for HAL_Init
    main.o(.text.main) refers to config_clock.o(.text.SystemClock_Config) for SystemClock_Config
    main.o(.text.main) refers to i2c.o(.text.i2c_init) for i2c_init
    main.o(.text.main) refers to mma8452.o(.text.MMA8452Q_Init) for MMA8452Q_Init
    main.o(.text.main) refers to i2c-lcd.o(.text.lcd_init) for lcd_init
    main.o(.text.main) refers to stm32f1xx_hal.o(.text.HAL_Delay) for HAL_Delay
    main.o(.text.main) refers to i2c-lcd.o(.text.lcd_goto_XY) for lcd_goto_XY
    main.o(.text.main) refers to i2c-lcd.o(.text.lcd_send_string) for lcd_send_string
    main.o(.text.main) refers to i2c-lcd.o(.text.lcd_clear_display) for lcd_clear_display
    main.o(.text.main) refers to main.o(.bss..L_MergedGlobals) for .L_MergedGlobals
    main.o(.text.main) refers to main.o(.data.g_state) for g_state
    main.o(.text.main) refers to stm32f1xx_hal.o(.bss.uwTick) for uwTick
    main.o(.text.main) refers to stm32f1xx_hal_cortex.o(.text.HAL_NVIC_SystemReset) for HAL_NVIC_SystemReset
    main.o(.text.main) refers to mma8452.o(.text.MMA8452Q_Read_Accel) for MMA8452Q_Read_Accel
    main.o(.text.main) refers to f2d.o(x$fpl$f2d) for __aeabi_f2d
    main.o(.ARM.exidx.text.main) refers to main.o(.text.main) for [Anonymous Symbol]
    main.o(.ARM.exidx.text.Error_Handler) refers to main.o(.text.Error_Handler) for [Anonymous Symbol]
[...]
    ../clib/printf.c                         0x00000000   Number         0  __printf_flags_wp.o ABSOLUTE
    ../clib/printf.c                         0x00000000   Number         0  __printf_ss_wp.o ABSOLUTE
    ../clib/printf.c                         0x00000000   Number         0  __printf_flags_ss_wp.o ABSOLUTE
    ../clib/printf.c                         0x00000000   Number         0  _printf_intcommon.o ABSOLUTE
    ../clib/printf.c                         0x00000000   Number         0  _printf_fp_dec.o ABSOLUTE
    ../clib/printf.c                         0x00000000   Number         0  _printf_fp_dec_accurate.o ABSOLUTE
    ../clib/printf.c                         0x00000000   Number         0  _printf_fp_hex.o ABSOLUTE
    ../clib/printf.c                         0x00000000   Number         0  __printf_nopercent.o ABSOLUTE
    ../clib/printf.c                         0x00000000   Number         0  _printf_char.o ABSOLUTE
    ../clib/printf.c                         0x00000000   Number         0  _printf_wchar.o ABSOLUTE
    ../clib/printf.c                         0x00000000   Number         0  _printf_fp_infnan.o ABSOLUTE
    ../clib/printf_percent.s                 0x00000000   Number         0  _printf_c.o ABSOLUTE
    ../clib/printf_percent.s                 0x00000000   Number         0  _printf_s.o ABSOLUTE
    ../clib/printf_percent.s                 0x00000000   Number         0  _printf_n.o ABSOLUTE
    ../clib/printf_percent.s                 0x00000000   Number         0  _printf_x.o ABSOLUTE
    ../clib/printf_percent.s                 0x00000000   Number         0  _printf_p.o ABSOLUTE
    ../clib/printf_percent.s                 0x00000000   Number         0  _printf_o.o ABSOLUTE
    ../clib/printf_percent.s                 0x00000000   Number         0  _printf_i.o ABSOLUTE
    ../clib/printf_percent.s                 0x00000000   Number         0  _printf_d.o ABSOLUTE
    ../clib/printf_percent.s                 0x00000000   Number         0  _printf_u.o ABSOLUTE
    ../clib/printf_percent.s                 0x00000000   Number         0  _printf_f.o ABSOLUTE
    ../clib/printf_percent.s                 0x00000000   Number         0  _printf_e.o ABSOLUTE
    ../clib/printf_percent.s                 0x00000000   Number         0  _printf_g.o ABSOLUTE
    ../clib/printf_percent.s                 0x00000000   Number         0  _printf_a.o ABSOLUTE
    ../clib/printf_percent.s                 0x00000000   Number         0  _printf_percent.o ABSOLUTE
    ../clib/printf_percent.s                 0x00000000   Number         0  _printf_lli.o ABSOLUTE
    ../clib/printf_percent.s                 0x00000000   Number         0  _printf_lld.o ABSOLUTE
    ../clib/printf_percent.s                 0x00000000   Number         0  _printf_llu.o ABSOLUTE
    ../clib/printf_percent.s                 0x00000000   Number         0  _printf_ll.o ABSOLUTE
    ../clib/printf_percent.s                 0x00000000   Number         0  _printf_l.o ABSOLUTE
    ../clib/printf_percent.s                 0x00000000   Number         0  _printf_lc.o ABSOLUTE
    ../clib/printf_percent.s                 0x00000000   Number         0  _printf_ls.o ABSOLUTE
    ../clib/printf_percent.s                 0x00000000   Number         0  _printf_llo.o ABSOLUTE
    ../clib/printf_percent.s                 0x00000000   Number         0  _printf_llx.o ABSOLUTE
    ../clib/printf_percent.s                 0x00000000   Number         0  _printf_percent_end.o ABSOLUTE
    ../clib/signal.c                         0x00000000   Number         0  defsig_rtmem_outer.o ABSOLUTE
    ../clib/signal.c                         0x00000000   Number         0  defsig_rtmem_formal.o ABSOLUTE
    ../clib/signal.c                         0x00000000   Number         0  defsig_exit.o ABSOLUTE
    ../clib/signal.c                         0x00000000   Number         0  defsig_rtmem_inner.o ABSOLUTE
    ../clib/signal.c                         0x00000000   Number         0  __raise.o ABSOLUTE
    ../clib/signal.c                         0x00000000   Number         0  defsig_general.o ABSOLUTE
    ../clib/signal.c                         0x00000000   Number         0  defsig_abrt_inner.o ABSOLUTE
    ../clib/signal.c                         0x00000000   Number         0  defsig_fpe_inner.o ABSOLUTE
    ../clib/signal.c                         0x00000000   Number         0  defsig_rtred_inner.o ABSOLUTE
    ../clib/signal.c                         0x00000000   Number         0  defsig_stak_inner.o ABSOLUTE
    ../clib/signal.c                         0x00000000   Number         0  defsig_pvfn_inner.o ABSOLUTE
    ../clib/signal.c                         0x00000000   Number         0  defsig_cppl_inner.o ABSOLUTE
    ../clib/signal.c                         0x00000000   Number         0  defsig_segv_inner.o ABSOLUTE
    ../clib/signal.c                         0x00000000   Number         0  defsig_other.o ABSOLUTE
    ../clib/signal.s                         0x00000000   Number         0  defsig.o ABSOLUTE
    ../clib/stdlib.c                         0x00000000   Number         0  exit.o ABSOLUTE
    ../fplib/dretinf.s                       0x00000000   Number         0  dretinf.o ABSOLUTE
    ../fplib/f2d.s                           0x00000000   Number         0  f2d.o ABSOLUTE
    ../fplib/fnaninf.s                       0x00000000   Number         0  fnaninf.o ABSOLUTE
    ../fplib/fpinit.s                        0x00000000   Number         0  fpinit.o ABSOLUTE
    ../fplib/fpinit_empty.s                  0x00000000   Number         0  fpinit_empty.o ABSOLUTE
    ../fplib/istatus.s                       0x00000000   Number         0  istatus.o ABSOLUTE
    ../fplib/printf1.s                       0x00000000   Number         0  printf1.o ABSOLUTE
    ../fplib/printf2.s                       0x00000000   Number         0  printf2.o ABSOLUTE
    ../fplib/printf2a.s                      0x00000000   Number         0  printf2a.o ABSOLUTE
    ../fplib/printf2b.s                      0x00000000   Number         0  printf2b.o ABSOLUTE
    ../fplib/usenofp.s                       0x00000000   Number         0  usenofp.o ABSOLUTE
    ../mathlib/fpclassify.c                  0x00000000   Number         0  fpclassify.o ABSOLUTE
    config_clock.c                           0x00000000   Number         0  config_clock.o ABSOLUTE
    dc.s                                     0x00000000   Number         0  dc.o ABSOLUTE
    i2c-lcd.c                                0x00000000   Number         0  i2c-lcd.o ABSOLUTE
    i2c.c                                    0x00000000   Number         0  i2c.o ABSOLUTE
    main.c                                   0x00000000   Number         0  main.o ABSOLUTE
    mma8452.c                                0x00000000   Number         0  mma8452.o ABSOLUTE
    startup_stm32f103xb.s                    0x00000000   Number         0  startup_stm32f103xb.o ABSOLUTE
    stm32f1xx_hal.c                          0x00000000   Number         0  stm32f1xx_hal.o ABSOLUTE
    stm32f1xx_hal_cortex.c                   0x00000000   Number         0  stm32f1xx_hal_cortex.o ABSOLUTE
    stm32f1xx_hal_dma.c                      0x00000000   Number         0  stm32f1xx_hal_dma.o ABSOLUTE
    stm32f1xx_hal_exti.c                     0x00000000   Number         0  stm32f1xx_hal_exti.o ABSOLUTE
    stm32f1xx_hal_flash.c                    0x00000000   Number         0  stm32f1xx_hal_flash.o ABSOLUTE
    stm32f1xx_hal_flash_ex.c                 0x00000000   Number         0  stm32f1xx_hal_flash_ex.o ABSOLUTE
    stm32f1xx_hal_gpio.c                     0x00000000   Number         0  stm32f1xx_hal_gpio.o ABSOLUTE
    stm32f1xx_hal_gpio_ex.c                  0x00000000   Number         0  stm32f1xx_hal_gpio_ex.o ABSOLUTE
    stm32f1xx_hal_i2c.c                      0x00000000   Number         0  stm32f1xx_hal_i2c.o ABSOLUTE
    stm32f1xx_hal_msp.c                      0x00000000   Number         0  stm32f1xx_hal_msp.o ABSOLUTE
    stm32f1xx_hal_pwr.c                      0x00000000   Number         0  stm32f1xx_hal_pwr.o ABSOLUTE
    stm32f1xx_hal_rcc.c                      0x00000000   Number         0  stm32f1xx_hal_rcc.o ABSOLUTE
    stm32f1xx_hal_rcc_ex.c                   0x00000000   Number         0  stm32f1xx_hal_rcc_ex.o ABSOLUTE
    stm32f1xx_hal_tim.c                      0x00000000   Number         0  stm32f1xx_hal_tim.o ABSOLUTE
    stm32f1xx_hal_tim_ex.c                   0x00000000   Number         0  stm32f1xx_hal_tim_ex.o ABSOLUTE
    stm32f1xx_it.c                           0x00000000   Number         0  stm32f1xx_it.o ABSOLUTE
    system_stm32f1xx.c                       0x00000000   Number         0  system_stm32f1xx.o ABSOLUTE
    RESET                                    0x08000000   Section      236  startup_stm32f103xb.o(RESET)
    !!!main                                  0x080000ec   Section        8  __main.o(!!!main)
    !!!scatter                               0x080000f4   Section       92  __scatter.o(!!!scatter)
    !!handler_copy                           0x08000150   Section       26  __scatter_copy.o(!!handler_copy)
    !!handler_null                           0x0800016c   Section        2  __scatter.o(!!handler_null)
    !!handler_zi                             0x08000170   Section       28  __scatter_zi.o(!!handler_zi)
    .ARM.Collect$$_printf_percent$$00000000  0x0800018c   Section        0  _printf_percent.o(.ARM.Collect$$_printf_percent$$00000000)
    .ARM.Collect$$_printf_percent$$00000001  0x0800018c   Section        6  _printf_n.o(.ARM.Collect$$_printf_percent$$00000001)
    .ARM.Collect$$_printf_percent$$00000002  0x08000192   Section        6  _printf_p.o(.ARM.Collect$$_printf_percent$$00000002)
    .ARM.Collect$$_printf_percent$$00000003  0x08000198   Section        6  _printf_f.o(.ARM.Collect$$_printf_percent$$00000003)
    .ARM.Collect$$_printf_percent$$00000004  0x0800019e   Section        6  _printf_e.o(.ARM.Collect$$_printf_percent$$00000004)
    .ARM.Collect$$_printf_percent$$00000005  0x080001a4   Section        6  _printf_g.o(.ARM.Collect$$_printf_percent$$00000005)
    .ARM.Collect$$_printf_percent$$00000006  0x080001aa   Section        6  _printf_a.o(.ARM.Collect$$_printf_percent$$00000006)
    .ARM.Collect$$_printf_percent$$00000007  0x080001b0   Section       10  _printf_ll.o(.ARM.Collect$$_printf_percent$$00000007)
    .ARM.Collect$$_printf_percent$$00000008  0x080001ba   Section        6  _printf_i.o(.ARM.Collect$$_printf_percent$$00000008)
    .ARM.Collect$$_printf_percent$$00000009  0x080001c0   Section        6  _printf_d.o(.ARM.Collect$$_printf_percent$$00000009)
    .ARM.Collect$$_printf_percent$$0000000A  0x080001c6   Section        6  _printf_u.o(.ARM.Collect$$_printf_percent$$0000000A)
    .ARM.Collect$$_printf_percent$$0000000B  0x080001cc   Section        6  _printf_o.o(.ARM.Collect$$_printf_percent$$0000000B)
    .ARM.Collect$$_printf_percent$$0000000C  0x080001d2   Section        6  _printf_x.o(.ARM.Collect$$_printf_percent$$0000000C)
    .ARM.Collect$$_printf_percent$$0000000D  0x080001d8   Section        6  _printf_lli.o(.ARM.Collect$$_printf_percent$$0000000D)
    .ARM.Collect$$_printf_percent$$0000000E  0x080001de   Section        6  _printf_lld.o(.ARM.Collect$$_printf_percent$$0000000E)
    .ARM.Collect$$_printf_percent$$0000000F  0x080001e4   Section        6  _printf_llu.o(.ARM.Collect$$_printf_percent$$0000000F)
    .ARM.Collect$$_printf_percent$$00000010  0x080001ea   Section        6  _printf_llo.o(.ARM.Collect$$_printf_percent$$00000010)
    .ARM.Collect$$_printf_percent$$00000011  0x080001f0   Section        6  _printf_llx.o(.ARM.Collect$$_printf_percent$$00000011)
    .ARM.Collect$$_printf_percent$$00000012  0x080001f6   Section       10  _printf_l.o(.ARM.Collect$$_printf_percent$$00000012)
    .ARM.Collect$$_printf_percent$$00000013  0x08000200   Section        6  _printf_c.o(.ARM.Collect$$_printf_percent$$00000013)
    .ARM.Collect$$_printf_percent$$00000014  0x08000206   Section        6  _printf_s.o(.ARM.Collect$$_printf_percent$$00000014)
    .ARM.Collect$$_printf_percent$$00000015  0x0800020c   Section        6  _printf_lc.o(.ARM.Collect$$_printf_percent$$00000015)
    .ARM.Collect$$_printf_percent$$00000016  0x08000212   Section        6  _printf_ls.o(.ARM.Collect$$_printf_percent$$00000016)
    .ARM.Collect$$_printf_percent$$00000017  0x08000218   Section        4  _printf_percent_end.o(.ARM.Collect$$_printf_percent$$00000017)
    .ARM.Collect$$libinit$$00000000          0x0800021c   Section        2  libinit.o(.ARM.Collect$$libinit$$00000000)
    .ARM.Collect$$libinit$$00000002          0x0800021e   Section        0  libinit2.o(.ARM.Collect$$libinit$$00000002)
    .ARM.Collect$$libinit$$00000004          0x0800021e   Section        0  libinit2.o(.ARM.Collect$$libinit$$00000004)
    .ARM.Collect$$libinit$$00000006          0x0800021e   Section        0  libinit2.o(.ARM.Collect$$libinit$$00000006)
    .ARM.Collect$$libinit$$0000000C          0x0800021e   Section        0  libinit2.o(.ARM.Collect$$libinit$$0000000C)
    .ARM.Collect$$libinit$$0000000E          0x0800021e   Section        0  libinit2.o(.ARM.Collect$$libinit$$0000000E)
    .ARM.Collect$$libinit$$00000010          0x0800021e   Section        0  libinit2.o(.ARM.Collect$$libinit$$00000010)
    .ARM.Collect$$libinit$$00000011          0x0800021e   Section        6  libinit2.o(.ARM.Collect$$libinit$$00000011)
    .ARM.Collect$$libinit$$00000013          0x08000224   Section        0  libinit2.o(.ARM.Collect$$libinit$$00000013)
    .ARM.Collect$$libinit$$00000014          0x08000224   Section       12  libinit2.o(.ARM.Collect$$libinit$$00000014)
    .ARM.Collect$$libinit$$00000015          0x08000230   Section        0  libinit2.o(.ARM.Collect$$libinit$$00000015)
    .ARM.Collect$$libinit$$00000017          0x08000230   Section        0  libinit2.o(.ARM.Collect$$libinit$$00000017)
    .ARM.Collect$$libinit$$00000018          0x08000230   Section       10  libinit2.o(.ARM.Collect$$libinit$$00000018)
    .ARM.Collect$$libinit$$00000019          0x0800023a   Section        0  libinit2.o(.ARM.Collect$$libinit$$00000019)
    .ARM.Collect$$libinit$$0000001B          0x0800023a   Section        0  libinit2.o(.ARM.Collect$$libinit$$0000001B)
    .ARM.Collect$$libinit$$0000001D          0x0800023a   Section        0  libinit2.o(.ARM.Collect$$libinit$$0000001D)
    .ARM.Collect$$libinit$$0000001F          0x0800023a   Section        0  libinit2.o(.ARM.Collect$$libinit$$0000001F)
    .ARM.Collect$$libinit$$00000021          0x0800023a   Section        0  libinit2.o(.ARM.Collect$$libinit$$00000021)
    .ARM.Collect$$libinit$$00000023          0x0800023a   Section        0  libinit2.o(.ARM.Collect$$libinit$$00000023)
    .ARM.Collect$$libinit$$00000025          0x0800023a   Section        0  libinit2.o(.ARM.Collect$$libinit$$00000025)
    .ARM.Collect$$libinit$$00000027          0x0800023a   Section        0  libinit2.o(.ARM.Collect$$libinit$$00000027)
    .ARM.Collect$$libinit$$0000002E          0x0800023a   Section        0  libinit2.o(.ARM.Collect$$libinit$$0000002E)
    .ARM.Collect$$libinit$$00000030          0x0800023a   Section        0  libinit2.o(.ARM.Collect$$libinit$$00000030)
    .ARM.Collect$$libinit$$00000032          0x0800023a   Section        0  libinit2.o(.ARM.Collect$$libinit$$00000032)
    .ARM.Collect$$libinit$$00000034          0x0800023a   Section        0  libinit2.o(.ARM.Collect$$libinit$$00000034)
    .ARM.Collect$$libinit$$00000035          0x0800023a   Section        2  libinit2.o(.ARM.Collect$$libinit$$00000035)
    .ARM.Collect$$libshutdown$$00000000      0x0800023c   Section        2  libshutdown.o(.ARM.Collect$$libshutdown$$00000000)
    .ARM.Collect$$libshutdown$$00000002      0x0800023e   Section        0  libshutdown2.o(.ARM.Collect$$libshutdown$$00000002)
    .ARM.Collect$$libshutdown$$00000004      0x0800023e   Section        0  libshutdown2.o(.ARM.Collect$$libshutdown$$00000004)
    .ARM.Collect$$libshutdown$$00000007      0x0800023e   Section        0  libshutdown2.o(.ARM.Collect$$libshutdown$$00000007)
    .ARM.Collect$$libshutdown$$0000000A      0x0800023e   Section        0  libshutdown2.o(.ARM.Collect$$libshutdown$$0000000A)
    .ARM.Collect$$libshutdown$$0000000C      0x0800023e   Section        0  libshutdown2.o(.ARM.Collect$$libshutdown$$0000000C)
    .ARM.Collect$$libshutdown$$0000000F      0x0800023e   Section        0  libshutdown2.o(.ARM.Collect$$libshutdown$$0000000F)
    .ARM.Collect$$libshutdown$$00000010      0x0800023e   Section        2  libshutdown2.o(.ARM.Collect$$libshutdown$$00000010)
    .ARM.Collect$$rtentry$$00000000          0x08000240   Section        0  __rtentry.o(.ARM.Collect$$rtentry$$00000000)
    .ARM.Collect$$rtentry$$00000002          0x08000240   Section        0  __rtentry2.o(.ARM.Collect$$rtentry$$00000002)
    .ARM.Collect$$rtentry$$00000004          0x08000240   Section        6  __rtentry4.o(.ARM.Collect$$rtentry$$00000004)
    .ARM.Collect$$rtentry$$00000009          0x08000246   Section        0  __rtentry2.o(.ARM.Collect$$rtentry$$00000009)
    .ARM.Collect$$rtentry$$0000000A          0x08000246   Section        4  __rtentry2.o(.ARM.Collect$$rtentry$$0000000A)
    .ARM.Collect$$rtentry$$0000000C          0x0800024a   Section        0  __rtentry2.o(.ARM.Collect$$rtentry$$0000000C)
    .ARM.Collect$$rtentry$$0000000D          0x0800024a   Section        8  __rtentry2.o(.ARM.Collect$$rtentry$$0000000D)
    .ARM.Collect$$rtexit$$00000000           0x08000252   Section        2  rtexit.o(.ARM.Collect$$rtexit$$00000000)
    .ARM.Collect$$rtexit$$00000002           0x08000254   Section        0  rtexit2.o(.ARM.Collect$$rtexit$$00000002)
    .ARM.Collect$$rtexit$$00000003           0x08000254   Section        4  rtexit2.o(.ARM.Collect$$rtexit$$00000003)
    .ARM.Collect$$rtexit$$00000004           0x08000258   Section        6  rtexit2.o(.ARM.Collect$$rtexit$$00000004)
    .text                                    0x08000260   Section       64  startup_stm32f103xb.o(.text)
    .text                                    0x080002a0   Section        0  vsnprintf.o(.text)
    .text                                    0x080002dc   Section        0  heapauxi.o(.text)
    .text                                    0x080002e2   Section        0  _printf_pad.o(.text)
    .text                                    0x08000330   Section        0  _printf_truncate.o(.text)
    .text                                    0x08000354   Section        0  _printf_str.o(.text)
    .text                                    0x080003a8   Section        0  _printf_dec.o(.text)
    .text                                    0x08000420   Section        0  _printf_charcount.o(.text)
    _printf_input_char                       0x08000449   Thumb Code    10  _printf_char_common.o(.text)
    .text                                    0x08000448   Section        0  _printf_char_common.o(.text)
    .text                                    0x08000478   Section        0  _snputc.o(.text)
    .text                                    0x08000488   Section        0  _printf_wctomb.o(.text)
    .text                                    0x08000544   Section        0  _printf_longlong_dec.o(.text)
    _printf_longlong_oct_internal            0x080005c1   Thumb Code     0  _printf_oct_int_ll.o(.text)
    .text                                    0x080005c0   Section        0  _printf_oct_int_ll.o(.text)
    _printf_hex_common                       0x08000631   Thumb Code     0  _printf_hex_int_ll_ptr.o(.text)
    .text                                    0x08000630   Section        0  _printf_hex_int_ll_ptr.o(.text)
    .text                                    0x080006c4   Section        0  __printf_flags_ss_wp.o(.text)
    .text                                    0x0800084c   Section      138  lludiv10.o(.text)
    .text                                    0x080008d6   Section        0  _printf_intcommon.o(.text)
    _fp_digits                               0x08000989   Thumb Code   432  _printf_fp_dec.o(.text)
    .text                                    0x08000988   Section        0  _printf_fp_dec.o(.text)
    .text                                    0x08000da4   Section        0  _printf_fp_hex.o(.text)
    .text                                    0x080010a0   Section        0  _printf_char.o(.text)
    .text                                    0x080010cc   Section        0  _printf_wchar.o(.text)
    .text                                    0x080010f8   Section        0  _c16rtomb.o(.text)
    .text                                    0x08001140   Section       74  sys_stackheap_outer.o(.text)
    .text                                    0x0800118c   Section       16  rt_ctype_table.o(.text)
    .text                                    0x0800119c   Section        8  rt_locale_intlibspace.o(.text)
    .text                                    0x080011a4   Section        0  _printf_fp_infnan.o(.text)
    .text                                    0x08001224   Section        0  bigflt0.o(.text)
    .text                                    0x08001308   Section        0  exit.o(.text)
    .text                                    0x0800131c   Section        8  libspace.o(.text)
    .text                                    0x08001324   Section      128  strcmpv7m.o(.text)
    .text                                    0x080013a4   Section        0  sys_exit.o(.text)
    .text                                    0x080013b0   Section        2  use_no_semi.o(.text)
    .text                                    0x080013b2   Section        0  indicate_semi.o(.text)
    [Anonymous Symbol]                       0x080013b4   Section        0  stm32f1xx_it.o(.text.BusFault_Handler)
    [Anonymous Symbol]                       0x080013b8   Section        0  stm32f1xx_it.o(.text.DebugMon_Handler)
    [Anonymous Symbol]                       0x080013bc   Section        0  stm32f1xx_hal.o(.text.HAL_Delay)
    [Anonymous Symbol]                       0x080013e4   Section        0  stm32f1xx_hal.o(.text.HAL_GetTick)
    [Anonymous Symbol]                       0x080013f0   Section        0  stm32f1xx_hal.o(.text.HAL_IncTick)
    [Anonymous Symbol]                       0x0800140c   Section        0  stm32f1xx_hal.o(.text.HAL_Init)
    [Anonymous Symbol]                       0x08001434   Section        0  stm32f1xx_hal.o(.text.HAL_InitTick)
    [Anonymous Symbol]                       0x0800147c   Section        0  stm32f1xx_hal_msp.o(.text.HAL_MspInit)
    [Anonymous Symbol]                       0x080014c0   Section        0  stm32f1xx_hal_cortex.o(.text.HAL_NVIC_SetPriority)
    [Anonymous Symbol]                       0x08001518   Section        0  stm32f1xx_hal_cortex.o(.text.HAL_NVIC_SetPriorityGrouping)
    [Anonymous Symbol]                       0x08001538   Section        0  stm32f1xx_hal_cortex.o(.text.HAL_NVIC_SystemReset)
    [Anonymous Symbol]                       0x0800153c   Section        0  stm32f1xx_hal_rcc.o(.text.HAL_RCC_ClockConfig)
    [Anonymous Symbol]                       0x08001700   Section        0  stm32f1xx_hal_rcc.o(.text.HAL_RCC_OscConfig)
    [Anonymous Symbol]                       0x08001b00   Section        0  stm32f1xx_hal_cortex.o(.text.HAL_SYSTICK_Config)
    [Anonymous Symbol]                       0x08001b2c   Section        0  stm32f1xx_it.o(.text.HardFault_Handler)
    [Anonymous Symbol]                       0x08001b30   Section        0  mma8452.o(.text.MMA8452Q_Init)
    [Anonymous Symbol]                       0x08001bf4   Section        0  mma8452.o(.text.MMA8452Q_Read_Accel)
    [Anonymous Symbol]                       0x08001c30   Section        0  stm32f1xx_it.o(.text.MemManage_Handler)
    [Anonymous Symbol]                       0x08001c34   Section        0  stm32f1xx_it.o(.text.NMI_Handler)
    [Anonymous Symbol]                       0x08001c38   Section        0  stm32f1xx_it.o(.text.PendSV_Handler)
    [Anonymous Symbol]                       0x08001c3c   Section        0  stm32f1xx_it.o(.text.SVC_Handler)
    [Anonymous Symbol]                       0x08001c40   Section        0  stm32f1xx_it.o(.text.SysTick_Handler)
    [Anonymous Symbol]                       0x08001c44   Section        0  config_clock.o(.text.SystemClock_Config)
    [Anonymous Symbol]                       0x08001c84   Section        0  system_stm32f1xx.o(.text.SystemInit)
    [Anonymous Symbol]                       0x08001c88   Section        0  stm32f1xx_it.o(.text.UsageFault_Handler)
    __NVIC_SystemReset                       0x08001c8d   Thumb Code    42  stm32f1xx_hal_cortex.o(.text.__NVIC_SystemReset)
    [Anonymous Symbol]                       0x08001c8c   Section        0  stm32f1xx_hal_cortex.o(.text.__NVIC_SystemReset)
    [Anonymous Symbol]                       0x08001cb8   Section        0  i2c.o(.text.i2c1_MemoryWrite_Byte)
    [Anonymous Symbol]                       0x08001db8   Section        0  i2c.o(.text.i2c1_Write_Byte)
    [Anonymous Symbol]                       0x08001e68   Section        0  i2c.o(.text.i2c1_readMemoryByte)
    [Anonymous Symbol]                       0x08001fd4   Section        0  i2c.o(.text.i2c1_readMemoryMulti)
    [Anonymous Symbol]                       0x0800219c   Section        0  i2c.o(.text.i2c_init)
    [Anonymous Symbol]                       0x08002218   Section        0  i2c-lcd.o(.text.lcd_clear_display)
    [Anonymous Symbol]                       0x08002244   Section        0  i2c-lcd.o(.text.lcd_goto_XY)
    [Anonymous Symbol]                       0x0800229c   Section        0  i2c-lcd.o(.text.lcd_init)
    [Anonymous Symbol]                       0x080023c8   Section        0  i2c-lcd.o(.text.lcd_send_string)
    [Anonymous Symbol]                       0x08002434   Section        0  main.o(.text.main)
    CL$$btod_d2e                             0x0800276c   Section       62  btod.o(CL$$btod_d2e)
    CL$$btod_d2e_denorm_low                  0x080027aa   Section       70  btod.o(CL$$btod_d2e_denorm_low)
    CL$$btod_d2e_norm_op1                    0x080027f0   Section       96  btod.o(CL$$btod_d2e_norm_op1)
    CL$$btod_div_common                      0x08002850   Section      824  btod.o(CL$$btod_div_common)
    CL$$btod_e2e                             0x08002b88   Section      220  btod.o(CL$$btod_e2e)
    CL$$btod_ediv                            0x08002c64   Section       42  btod.o(CL$$btod_ediv)
    CL$$btod_emul                            0x08002c8e   Section       42  btod.o(CL$$btod_emul)
    CL$$btod_mult_common                     0x08002cb8   Section      580  btod.o(CL$$btod_mult_common)
    i.__ARM_fpclassify                       0x08002efc   Section        0  fpclassify.o(i.__ARM_fpclassify)
    i._is_digit                              0x08002f24   Section        0  __printf_wp.o(i._is_digit)
    locale$$code                             0x08002f34   Section       44  lc_numeric_c.o(locale$$code)
    locale$$code                             0x08002f60   Section       44  lc_ctype_c.o(locale$$code)
    x$fpl$dretinf                            0x08002f8c   Section       12  dretinf.o(x$fpl$dretinf)
    x$fpl$f2d                                0x08002f98   Section       86  f2d.o(x$fpl$f2d)
    x$fpl$fnaninf                            0x08002fee   Section      140  fnaninf.o(x$fpl$fnaninf)
    x$fpl$printf1                            0x0800307a   Section        4  printf1.o(x$fpl$printf1)
    x$fpl$printf2                            0x0800307e   Section        4  printf2.o(x$fpl$printf2)
    x$fpl$usenofp                            0x08003082   Section        0  usenofp.o(x$fpl$usenofp)
    initial_mbstate                          0x08003084   Data           8  _printf_wctomb.o(.constdata)
    .constdata                               0x08003084   Section        8  _printf_wctomb.o(.constdata)
    uc_hextab                                0x0800308c   Data          20  _printf_hex_int_ll_ptr.o(.constdata)
    .constdata                               0x0800308c   Section       40  _printf_hex_int_ll_ptr.o(.constdata)
    lc_hextab                                0x080030a0   Data          20  _printf_hex_int_ll_ptr.o(.constdata)
    maptable                                 0x080030b4   Data          17  __printf_flags_ss_wp.o(.constdata)
    .constdata                               0x080030b4   Section       17  __printf_flags_ss_wp.o(.constdata)
    lc_hextab                                0x080030c5   Data          19  _printf_fp_hex.o(.constdata)
    .constdata                               0x080030c5   Section       38  _printf_fp_hex.o(.constdata)
    uc_hextab                                0x080030d8   Data          19  _printf_fp_hex.o(.constdata)
    tenpwrs_x                                0x080030ec   Data          60  bigflt0.o(.constdata)
    .constdata                               0x080030ec   Section      148  bigflt0.o(.constdata)
    tenpwrs_i                                0x08003128   Data          64  bigflt0.o(.constdata)
    HAL_RCC_GetSysClockFreq.aPredivFactorTable 0x08003190   Data           2  stm32f1xx_hal_rcc.o(.rodata.HAL_RCC_GetSysClockFreq.aPredivFactorTable)
    [Anonymous Symbol]                       0x08003190   Section        0  stm32f1xx_hal_rcc.o(.rodata.HAL_RCC_GetSysClockFreq.aPredivFactorTable)
    HAL_RCC_GetSysClockFreq.aPLLMULFactorTable 0x08003192   Data          16  stm32f1xx_hal_rcc.o(.rodata.cst16)
    [Anonymous Symbol]                       0x08003192   Section        0  stm32f1xx_hal_rcc.o(.rodata.cst16)
    locale$$data                             0x080031c4   Section       28  lc_numeric_c.o(locale$$data)
    __lcnum_c_name                           0x080031c8   Data           2  lc_numeric_c.o(locale$$data)
    __lcnum_c_start                          0x080031d0   Data           0  lc_numeric_c.o(locale$$data)
    __lcnum_c_point                          0x080031dc   Data           0  lc_numeric_c.o(locale$$data)
    __lcnum_c_thousands                      0x080031de   Data           0  lc_numeric_c.o(locale$$data)
    __lcnum_c_grouping                       0x080031df   Data           0  lc_numeric_c.o(locale$$data)
    __lcnum_c_end                            0x080031e0   Data           0  lc_numeric_c.o(locale$$data)
    locale$$data                             0x080031e0   Section      272  lc_ctype_c.o(locale$$data)
    __lcctype_c_name                         0x080031e4   Data           2  lc_ctype_c.o(locale$$data)
    __lcctype_c_start                        0x080031ec   Data           0  lc_ctype_c.o(locale$$data)
    __lcctype_c_end                          0x080032f0   Data           0  lc_ctype_c.o(locale$$data)
    .L_MergedGlobals                         0x20000000   Data           8  stm32f1xx_hal.o(.data..L_MergedGlobals)
    [Anonymous Symbol]                       0x20000000   Section        0  stm32f1xx_hal.o(.data..L_MergedGlobals)
    .bss                                     0x20000010   Section       96  libspace.o(.bss)
    .L_MergedGlobals                         0x20000070   Data          24  main.o(.bss..L_MergedGlobals)
    [Anonymous Symbol]                       0x20000070   Section        0  main.o(.bss..L_MergedGlobals)
    Heap_Mem                                 0x20000090   Data         512  startup_stm32f103xb.o(HEAP)
    HEAP                                     0x20000090   Section      512  startup_stm32f103xb.o(HEAP)
    Stack_Mem                                0x20000290   Data        1024  startup_stm32f103xb.o(STACK)
    STACK                                    0x20000290   Section     1024  startup_stm32f103xb.o(STACK)
    __initial_sp                             0x20000690   Data           0  startup_stm32f103xb.o(STACK)

    Global Symbols

    Symbol Name                              Value     Ov Type        Size  Object(Section)

    BuildAttributes$$THM_ISAv4$P$D$K$B$S$PE$A:L22UL41UL21$X:L11$S22US41US21$IEEE1$IW$~IW$USESV6$~STKCKD$USESV7$~SHL$OTIME$ROPI$IEEEJ$EBA8$UX$STANDARDLIB$REQ8$PRES8$EABIv2 0x00000000   Number         0  anon$$obj.o ABSOLUTE
    __fp_init_empty                          0x00000000   Number         0  fpinit_empty.o ABSOLUTE
    _printf_flags                            0x00000000   Number         0  printf_stubs.o ABSOLUTE
    _printf_return_value                     0x00000000   Number         0  printf_stubs.o ABSOLUTE
    _printf_sizespec                         0x00000000   Number         0  printf_stubs.o ABSOLUTE
    _printf_widthprec                        0x00000000   Number         0  printf_stubs.o ABSOLUTE
    __ARM_exceptions_init                     - Undefined Weak Reference
    __alloca_initialize                       - Undefined Weak Reference
    __arm_preinit_                            - Undefined Weak Reference
    __arm_relocate_pie_                       - Undefined Weak Reference
    __cpp_initialize__aeabi_                  - Undefined Weak Reference
    __cxa_finalize                            - Undefined Weak Reference
    __sigvec_lookup                           - Undefined Weak Reference
    _atexit_init                              - Undefined Weak Reference
    _call_atexit_fns                          - Undefined Weak Reference
    _clock_init                               - Undefined Weak Reference
    _fp_trap_init                             - Undefined Weak Reference
    _fp_trap_shutdown                         - Undefined Weak Reference
    _get_lc_collate                           - Undefined Weak Reference
    _get_lc_monetary                          - Undefined Weak Reference
    _get_lc_time                              - Undefined Weak Reference
    _getenv_init                              - Undefined Weak Reference
    _handle_redirection                       - Undefined Weak Reference
    _init_alloc                               - Undefined Weak Reference
    _init_user_alloc                          - Undefined Weak Reference
    _initio                                   - Undefined Weak Reference
    _printf_mbtowc                            - Undefined Weak Reference
    _printf_wc                                - Undefined Weak Reference
    _rand_init                                - Undefined Weak Reference
    _signal_finish                            - Undefined Weak Reference
    _signal_init                              - Undefined Weak Reference
    _terminate_alloc                          - Undefined Weak Reference
    _terminate_user_alloc                     - Undefined Weak Reference
    _terminateio                              - Undefined Weak Reference
    __Vectors_Size                           0x000000ec   Number         0  startup_stm32f103xb.o ABSOLUTE
    __Vectors                                0x08000000   Data           4  startup_stm32f103xb.o(RESET)
    __Vectors_End                            0x080000ec   Data           0  startup_stm32f103xb.o(RESET)
    __main                                   0x080000ed   Thumb Code     8  __main.o(!!!main)
    __scatterload                            0x080000f5   Thumb Code     0  __scatter.o(!!!scatter)
    __scatterload_rt2                        0x080000f5   Thumb Code    84  __scatter.o(!!!scatter)
    __scatterload_rt2_thumb_only             0x080000f5   Thumb Code     0  __scatter.o(!!!scatter)
    __scatterload_loop                       0x080000ff   Thumb Code     0  __scatter.o(!!!scatter)
    __scatterload_copy                       0x08000151   Thumb Code    26  __scatter_copy.o(!!handler_copy)
    __scatterload_null                       0x0800016d   Thumb Code     2  __scatter.o(!!handler_null)
    __scatterload_zeroinit                   0x08000171   Thumb Code    28  __scatter_zi.o(!!handler_zi)
    _printf_n                                0x0800018d   Thumb Code     0  _printf_n.o(.ARM.Collect$$_printf_percent$$00000001)
    _printf_percent                          0x0800018d   Thumb Code     0  _printf_percent.o(.ARM.Collect$$_printf_percent$$00000000)
    _printf_p                                0x08000193   Thumb Code     0  _printf_p.o(.ARM.Collect$$_printf_percent$$00000002)
    _printf_f                                0x08000199   Thumb Code     0  _printf_f.o(.ARM.Collect$$_printf_percent$$00000003)
    _printf_e                                0x0800019f   Thumb Code     0  _printf_e.o(.ARM.Collect$$_printf_percent$$00000004)
    _printf_g                                0x080001a5   Thumb Code     0  _printf_g.o(.ARM.Collect$$_printf_percent$$00000005)
    _printf_a                                0x080001ab   Thumb Code     0  _printf_a.o(.ARM.Collect$$_printf_percent$$00000006)
    _printf_ll                               0x080001b1   Thumb Code     0  _printf_ll.o(.ARM.Collect$$_printf_percent$$00000007)
    _printf_i                                0x080001bb   Thumb Code     0  _printf_i.o(.ARM.Collect$$_printf_percent$$00000008)
    _printf_d                                0x080001c1   Thumb Code     0  _printf_d.o(.ARM.Collect$$_printf_percent$$00000009)
    _printf_u                                0x080001c7   Thumb Code     0  _printf_u.o(.ARM.Collect$$_printf_percent$$0000000A)
    _printf_o                                0x080001cd   Thumb Code     0  _printf_o.o(.ARM.Collect$$_printf_percent$$0000000B)
    _printf_x                                0x080001d3   Thumb Code     0  _printf_x.o(.ARM.Collect$$_printf_percent$$0000000C)
    _printf_lli                              0x080001d9   Thumb Code     0  _printf_lli.o(.ARM.Collect$$_printf_percent$$0000000D)
    _printf_lld                              0x080001df   Thumb Code     0  _printf_lld.o(.ARM.Collect$$_printf_percent$$0000000E)
    _printf_llu                              0x080001e5   Thumb Code     0  _printf_llu.o(.ARM.Collect$$_printf_percent$$0000000F)
    _printf_llo                              0x080001eb   Thumb Code     0  _printf_llo.o(.ARM.Collect$$_printf_percent$$00000010)
    _printf_llx                              0x080001f1   Thumb Code     0  _printf_llx.o(.ARM.Collect$$_printf_percent$$00000011)
    _printf_l                                0x080001f7   Thumb Code     0  _printf_l.o(.ARM.Collect$$_printf_percent$$00000012)
    _printf_c                                0x08000201   Thumb Code     0  _printf_c.o(.ARM.Collect$$_printf_percent$$00000013)
    _printf_s                                0x08000207   Thumb Code     0  _printf_s.o(.ARM.Collect$$_printf_percent$$00000014)
    _printf_lc                               0x0800020d   Thumb Code     0  _printf_lc.o(.ARM.Collect$$_printf_percent$$00000015)
    _printf_ls                               0x08000213   Thumb Code     0  _printf_ls.o(.ARM.Collect$$_printf_percent$$00000016)
    _printf_percent_end                      0x08000219   Thumb Code     0  _printf_percent_end.o(.ARM.Collect$$_printf_percent$$00000017)
    __rt_lib_init                            0x0800021d   Thumb Code     0  libinit.o(.ARM.Collect$$libinit$$00000000)
    __rt_lib_init_fp_1                       0x0800021f   Thumb Code     0  libinit2.o(.ARM.Collect$$libinit$$00000002)
    __rt_lib_init_heap_1                     0x0800021f   Thumb Code     0  libinit2.o(.ARM.Collect$$libinit$$0000000C)
    __rt_lib_init_lc_common                  0x0800021f   Thumb Code     0  libinit2.o(.ARM.Collect$$libinit$$00000011)
    __rt_lib_init_preinit_1                  0x0800021f   Thumb Code     0  libinit2.o(.ARM.Collect$$libinit$$00000006)
    __rt_lib_init_rand_1                     0x0800021f   Thumb Code     0  libinit2.o(.ARM.Collect$$libinit$$00000010)
    __rt_lib_init_relocate_pie_1             0x0800021f   Thumb Code     0  libinit2.o(.ARM.Collect$$libinit$$00000004)
    __rt_lib_init_user_alloc_1               0x0800021f   Thumb Code     0  libinit2.o(.ARM.Collect$$libinit$$0000000E)
    __rt_lib_init_lc_collate_1               0x08000225   Thumb Code     0  libinit2.o(.ARM.Collect$$libinit$$00000013)
    __rt_lib_init_lc_ctype_2                 0x08000225   Thumb Code     0  libinit2.o(.ARM.Collect$$libinit$$00000014)
    __rt_lib_init_lc_ctype_1                 0x08000231   Thumb Code     0  libinit2.o(.ARM.Collect$$libinit$$00000015)
    __rt_lib_init_lc_monetary_1              0x08000231   Thumb Code     0  libinit2.o(.ARM.Collect$$libinit$$00000017)
    __rt_lib_init_lc_numeric_2               0x08000231   Thumb Code     0  libinit2.o(.ARM.Collect$$libinit$$00000018)
    __rt_lib_init_alloca_1                   0x0800023b   Thumb Code     0  libinit2.o(.ARM.Collect$$libinit$$00000030)
    __rt_lib_init_argv_1                     0x0800023b   Thumb Code     0  libinit2.o(.ARM.Collect$$libinit$$0000002E)
    __rt_lib_init_atexit_1                   0x0800023b   Thumb Code     0  libinit2.o(.ARM.Collect$$libinit$$0000001D)
    __rt_lib_init_clock_1                    0x0800023b   Thumb Code     0  libinit2.o(.ARM.Collect$$libinit$$00000023)
    __rt_lib_init_cpp_1                      0x0800023b   Thumb Code     0  libinit2.o(.ARM.Collect$$libinit$$00000034)
    __rt_lib_init_exceptions_1               0x0800023b   Thumb Code     0  libinit2.o(.ARM.Collect$$libinit$$00000032)
    __rt_lib_init_fp_trap_1                  0x0800023b   Thumb Code     0  libinit2.o(.ARM.Collect$$libinit$$00000021)
    __rt_lib_init_getenv_1                   0x0800023b   Thumb Code     0  libinit2.o(.ARM.Collect$$libinit$$00000025)
    __rt_lib_init_lc_numeric_1               0x0800023b   Thumb Code     0  libinit2.o(.ARM.Collect$$libinit$$00000019)
    __rt_lib_init_lc_time_1                  0x0800023b   Thumb Code     0  libinit2.o(.ARM.Collect$$libinit$$0000001B)
    __rt_lib_init_return                     0x0800023b   Thumb Code     0  libinit2.o(.ARM.Collect$$libinit$$00000035)
    __rt_lib_init_signal_1                   0x0800023b   Thumb Code     0  libinit2.o(.ARM.Collect$$libinit$$0000001F)
    __rt_lib_init_stdio_1                    0x0800023b   Thumb Code     0  libinit2.o(.ARM.Collect$$libinit$$00000027)
    __rt_lib_shutdown                        0x0800023d   Thumb Code     0  libshutdown.o(.ARM.Collect$$libshutdown$$00000000)
    __rt_lib_shutdown_cpp_1                  0x0800023f   Thumb Code     0  libshutdown2.o(.ARM.Collect$$libshutdown$$00000002)
    __rt_lib_shutdown_fp_trap_1              0x0800023f   Thumb Code     0  libshutdown2.o(.ARM.Collect$$libshutdown$$00000007)
    __rt_lib_shutdown_heap_1                 0x0800023f   Thumb Code     0  libshutdown2.o(.ARM.Collect$$libshutdown$$0000000F)
    __rt_lib_shutdown_return                 0x0800023f   Thumb Code     0  libshutdown2.o(.ARM.Collect$$libshutdown$$00000010)
    __rt_lib_shutdown_signal_1               0x0800023f   Thumb Code     0  libshutdown2.o(.ARM.Collect$$libshutdown$$0000000A)
    __rt_lib_shutdown_stdio_1                0x0800023f   Thumb Code     0  libshutdown2.o(.ARM.Collect$$libshutdown$$00000004)
    __rt_lib_shutdown_user_alloc_1           0x0800023f   Thumb Code     0  libshutdown2.o(.ARM.Collect$$libshutdown$$0000000C)
    __rt_entry                               0x08000241   Thumb Code     0  __rtentry.o(.ARM.Collect$$rtentry$$00000000)
    __rt_entry_presh_1                       0x08000241   Thumb Code     0  __rtentry2.o(.ARM.Collect$$rtentry$$00000002)
    __rt_entry_sh                            0x08000241   Thumb Code     0  __rtentry4.o(.ARM.Collect$$rtentry$$00000004)
    __rt_entry_li                            0x08000247   Thumb Code     0  __rtentry2.o(.ARM.Collect$$rtentry$$0000000A)
    __rt_entry_postsh_1                      0x08000247   Thumb Code     0  __rtentry2.o(.ARM.Collect$$rtentry$$00000009)
    __rt_entry_main                          0x0800024b   Thumb Code     0  __rtentry2.o(.ARM.Collect$$rtentry$$0000000D)
    __rt_entry_postli_1                      0x0800024b   Thumb Code     0  __rtentry2.o(.ARM.Collect$$rtentry$$0000000C)
    __rt_exit                                0x08000253   Thumb Code     0  rtexit.o(.ARM.Collect$$rtexit$$00000000)
    __rt_exit_ls                             0x08000255   Thumb Code     0  rtexit2.o(.ARM.Collect$$rtexit$$00000003)
    __rt_exit_prels_1                        0x08000255   Thumb Code     0  rtexit2.o(.ARM.Collect$$rtexit$$00000002)
    __rt_exit_exit                           0x08000259   Thumb Code     0  rtexit2.o(.ARM.Collect$$rtexit$$00000004)
    Reset_Handler                            0x08000261   Thumb Code     8  startup_stm32f103xb.o(.text)
    ADC1_2_IRQHandler                        0x0800027b   Thumb Code     0  startup_stm32f103xb.o(.text)
    CAN1_RX1_IRQHandler                      0x0800027b   Thumb Code     0  startup_stm32f103xb.o(.text)
    CAN1_SCE_IRQHandler                      0x0800027b   Thumb Code     0  startup_stm32f103xb.o(.text)
    DMA1_Channel1_IRQHandler                 0x0800027b   Thumb Code     0  startup_stm32f103xb.o(.text)
    DMA1_Channel2_IRQHandler                 0x0800027b   Thumb Code     0  startup_stm32f103xb.o(.text)
    DMA1_Channel3_IRQHandler                 0x0800027b   Thumb Code     0  startup_stm32f103xb.o(.text)
    DMA1_Channel4_IRQHandler                 0x0800027b   Thumb Code     0  startup_stm32f103xb.o(.text)
    DMA1_Channel5_IRQHandler                 0x0800027b   Thumb Code     0  startup_stm32f103xb.o(.text)
    DMA1_Channel6_IRQHandler                 0x0800027b   Thumb Code     0  startup_stm32f103xb.o(.text)
    DMA1_Channel7_IRQHandler                 0x0800027b   Thumb Code     0  startup_stm32f103xb.o(.text)
    EXTI0_IRQHandler                         0x0800027b   Thumb Code     0  startup_stm32f103xb.o(.text)
    EXTI15_10_IRQHandler                     0x0800027b   Thumb Code     0  startup_stm32f103xb.o(.text)
    EXTI1_IRQHandler                         0x0800027b   Thumb Code     0  startup_stm32f103xb.o(.text)
    EXTI2_IRQHandler                         0x0800027b   Thumb Code     0  startup_stm32f103xb.o(.text)
    EXTI3_IRQHandler                         0x0800027b   Thumb Code     0  startup_stm32f103xb.o(.text)
    EXTI4_IRQHandler                         0x0800027b   Thumb Code     0  startup_stm32f103xb.o(.text)
    EXTI9_5_IRQHandler                       0x0800027b   Thumb Code     0  startup_stm32f103xb.o(.text)
    FLASH_IRQHandler                         0x0800027b   Thumb Code     0  startup_stm32f103xb.o(.text)
    I2C1_ER_IRQHandler                       0x0800027b   Thumb Code     0  startup_stm32f103xb.o(.text)
    I2C1_EV_IRQHandler                       0x0800027b   Thumb Code     0  startup_stm32f103xb.o(.text)
    I2C2_ER_IRQHandler                       0x0800027b   Thumb Code     0  startup_stm32f103xb.o(.text)
    I2C2_EV_IRQHandler                       0x0800027b   Thumb Code     0  startup_stm32f103xb.o(.text)
    PVD_IRQHandler                           0x0800027b   Thumb Code     0  startup_stm32f103xb.o(.text)
    RCC_IRQHandler                           0x0800027b   Thumb Code     0  startup_stm32f103xb.o(.text)
    RTC_Alarm_IRQHandler                     0x0800027b   Thumb Code     0  startup_stm32f103xb.o(.text)
    RTC_IRQHandler                           0x0800027b   Thumb Code     0  startup_stm32f103xb.o(.text)
    SPI1_IRQHandler                          0x0800027b   Thumb Code     0  startup_stm32f103xb.o(.text)
    SPI2_IRQHandler                          0x0800027b   Thumb Code     0  startup_stm32f103xb.o(.text)
    TAMPER_IRQHandler                        0x0800027b   Thumb Code     0  startup_stm32f103xb.o(.text)
    TIM1_BRK_IRQHandler                      0x0800027b   Thumb Code     0  startup_stm32f103xb.o(.text)
    TIM1_CC_IRQHandler                       0x0800027b   Thumb Code     0  startup_stm32f103xb.o(.text)
    TIM1_TRG_COM_IRQHandler                  0x0800027b   Thumb Code     0  startup_stm32f103xb.o(.text)
    TIM1_UP_IRQHandler                       0x0800027b   Thumb Code     0  startup_stm32f103xb.o(.text)
    TIM2_IRQHandler                          0x0800027b   Thumb Code     0  startup_stm32f103xb.o(.text)
    TIM3_IRQHandler                          0x0800027b   Thumb Code     0  startup_stm32f103xb.o(.text)
    TIM4_IRQHandler                          0x0800027b   Thumb Code     0  startup_stm32f103xb.o(.text)
    USART1_IRQHandler                        0x0800027b   Thumb Code     0  startup_stm32f103xb.o(.text)
    USART2_IRQHandler                        0x0800027b   Thumb Code     0  startup_stm32f103xb.o(.text)
    USART3_IRQHandler                        0x0800027b   Thumb Code     0  startup_stm32f103xb.o(.text)
    USBWakeUp_IRQHandler                     0x0800027b   Thumb Code     0  startup_stm32f103xb.o(.text)
    USB_HP_CAN1_TX_IRQHandler                0x0800027b   Thumb Code     0  startup_stm32f103xb.o(.text)
    USB_LP_CAN1_RX0_IRQHandler               0x0800027b   Thumb Code     0  startup_stm32f103xb.o(.text)
    WWDG_IRQHandler                          0x0800027b   Thumb Code     0  startup_stm32f103xb.o(.text)
    __user_initial_stackheap                 0x0800027d   Thumb Code     0  startup_stm32f103xb.o(.text)
    vsnprintf                                0x080002a1   Thumb Code    56  vsnprintf.o(.text)
    __use_two_region_memory                  0x080002dd   Thumb Code     2  heapauxi.o(.text)
    __rt_heap_escrow$2region                 0x080002df   Thumb Code     2  heapauxi.o(.text)
    __rt_heap_expand$2region                 0x080002e1   Thumb Code     2  heapauxi.o(.text)
    _printf_pre_padding                      0x080002e3   Thumb Code    44  _printf_pad.o(.text)
    _printf_post_padding                     0x0800030f   Thumb Code    34  _printf_pad.o(.text)
    _printf_truncate_signed                  0x08000331   Thumb Code    18  _printf_truncate.o(.text)
    _printf_truncate_unsigned                0x08000343   Thumb Code    18  _printf_truncate.o(.text)
    _printf_str                              0x08000355   Thumb Code    82  _printf_str.o(.text)
    _printf_int_dec                          0x080003a9   Thumb Code   104  _printf_dec.o(.text)
    _printf_charcount                        0x08000421   Thumb Code    40  _printf_charcount.o(.text)
    _printf_char_common                      0x08000453   Thumb Code    32  _printf_char_common.o(.text)
    _snputc                                  0x08000479   Thumb Code    16  _snputc.o(.text)
    _printf_wctomb                           0x08000489   Thumb Code   182  _printf_wctomb.o(.text)
    _printf_longlong_dec                     0x08000545   Thumb Code   108  _printf_longlong_dec.o(.text)
    _printf_longlong_oct                     0x080005c1   Thumb Code    68  _printf_oct_int_ll.o(.text)
    _printf_int_oct                          0x08000605   Thumb Code    24  _printf_oct_int_ll.o(.text)
    _printf_ll_oct                           0x0800061d   Thumb Code    12  _printf_oct_int_ll.o(.text)
    _printf_longlong_hex                     0x08000631   Thumb Code    86  _printf_hex_int_ll_ptr.o(.text)
    _printf_int_hex                          0x08000687   Thumb Code    28  _printf_hex_int_ll_ptr.o(.text)
    _printf_ll_hex                           0x080006a3   Thumb Code    12  _printf_hex_int_ll_ptr.o(.text)
    _printf_hex_ptr                          0x080006af   Thumb Code    18  _printf_hex_int_ll_ptr.o(.text)
    __printf                                 0x080006c5   Thumb Code   388  __printf_flags_ss_wp.o(.text)
    _ll_udiv10                               0x0800084d   Thumb Code   138  lludiv10.o(.text)
    _printf_int_common                       0x080008d7   Thumb Code   178  _printf_intcommon.o(.text)
    _printf_fp_dec_real                      0x08000b39   Thumb Code   620  _printf_fp_dec.o(.text)
    _printf_fp_hex_real                      0x08000da5   Thumb Code   756  _printf_fp_hex.o(.text)
    _printf_cs_common                        0x080010a1   Thumb Code    20  _printf_char.o(.text)
    _printf_char                             0x080010b5   Thumb Code    16  _printf_char.o(.text)
    _printf_string                           0x080010c5   Thumb Code     8  _printf_char.o(.text)
    _printf_lcs_common                       0x080010cd   Thumb Code    20  _printf_wchar.o(.text)
    _printf_wchar                            0x080010e1   Thumb Code    16  _printf_wchar.o(.text)
    _printf_wstring                          0x080010f1   Thumb Code     8  _printf_wchar.o(.text)
    _c16rtomb                                0x080010f9   Thumb Code    72  _c16rtomb.o(.text)
    _wcrtomb                                 0x080010f9   Thumb Code     0  _c16rtomb.o(.text)
    __user_setup_stackheap                   0x08001141   Thumb Code    74  sys_stackheap_outer.o(.text)
    __rt_ctype_table                         0x0800118d   Thumb Code    16  rt_ctype_table.o(.text)
    __rt_locale                              0x0800119d   Thumb Code     8  rt_locale_intlibspace.o(.text)
    _printf_fp_infnan                        0x080011a5   Thumb Code   112  _printf_fp_infnan.o(.text)
    _btod_etento                             0x08001225   Thumb Code   224  bigflt0.o(.text)
    exit                                     0x08001309   Thumb Code    18  exit.o(.text)
    __user_libspace                          0x0800131d   Thumb Code     8  libspace.o(.text)
    __user_perproc_libspace                  0x0800131d   Thumb Code     0  libspace.o(.text)
    __user_perthread_libspace                0x0800131d   Thumb Code     0  libspace.o(.text)
    strcmp                                   0x08001325   Thumb Code   128  strcmpv7m.o(.text)
    _sys_exit                                0x080013a5   Thumb Code     8  sys_exit.o(.text)
    __I$use$semihosting                      0x080013b1   Thumb Code     0  use_no_semi.o(.text)
    __use_no_semihosting_swi                 0x080013b1   Thumb Code     2  use_no_semi.o(.text)
    __semihosting_library_function           0x080013b3   Thumb Code     0  indicate_semi.o(.text)
    BusFault_Handler                         0x080013b5   Thumb Code     2  stm32f1xx_it.o(.text.BusFault_Handler)
    DebugMon_Handler                         0x080013b9   Thumb Code     2  stm32f1xx_it.o(.text.DebugMon_Handler)
    HAL_Delay                                0x080013bd   Thumb Code    40  stm32f1xx_hal.o(.text.HAL_Delay)
    HAL_GetTick                              0x080013e5   Thumb Code    12  stm32f1xx_hal.o(.text.HAL_GetTick)
    HAL_IncTick                              0x080013f1   Thumb Code    26  stm32f1xx_hal.o(.text.HAL_IncTick)
    HAL_Init                                 0x0800140d   Thumb Code    38  stm32f1xx_hal.o(.text.HAL_Init)
    HAL_InitTick                             0x08001435   Thumb Code    72  stm32f1xx_hal.o(.text.HAL_InitTick)
    HAL_MspInit                              0x0800147d   Thumb Code    66  stm32f1xx_hal_msp.o(.text.HAL_MspInit)
    HAL_NVIC_SetPriority                     0x080014c1   Thumb Code    86  stm32f1xx_hal_cortex.o(.text.HAL_NVIC_SetPriority)
    HAL_NVIC_SetPriorityGrouping             0x08001519   Thumb Code    32  stm32f1xx_hal_cortex.o(.text.HAL_NVIC_SetPriorityGrouping)
    HAL_NVIC_SystemReset                     0x08001539   Thumb Code     4  stm32f1xx_hal_cortex.o(.text.HAL_NVIC_SystemReset)
    HAL_RCC_ClockConfig                      0x0800153d   Thumb Code   450  stm32f1xx_hal_rcc.o(.text.HAL_RCC_ClockConfig)
    HAL_RCC_OscConfig                        0x08001701   Thumb Code  1024  stm32f1xx_hal_rcc.o(.text.HAL_RCC_OscConfig)
    HAL_SYSTICK_Config                       0x08001b01   Thumb Code    44  stm32f1xx_hal_cortex.o(.text.HAL_SYSTICK_Config)
    HardFault_Handler                        0x08001b2d   Thumb Code     2  stm32f1xx_it.o(.text.HardFault_Handler)
    MMA8452Q_Init                            0x08001b31   Thumb Code   194  mma8452.o(.text.MMA8452Q_Init)
    MMA8452Q_Read_Accel                      0x08001bf5   Thumb Code    58  mma8452.o(.text.MMA8452Q_Read_Accel)
    MemManage_Handler                        0x08001c31   Thumb Code     2  stm32f1xx_it.o(.text.MemManage_Handler)
    NMI_Handler                              0x08001c35   Thumb Code     2  stm32f1xx_it.o(.text.NMI_Handler)
    PendSV_Handler                           0x08001c39   Thumb Code     2  stm32f1xx_it.o(.text.PendSV_Handler)
    SVC_Handler                              0x08001c3d   Thumb Code     2  stm32f1xx_it.o(.text.SVC_Handler)
    SysTick_Handler                          0x08001c41   Thumb Code     4  stm32f1xx_it.o(.text.SysTick_Handler)
    SystemClock_Config                       0x08001c45   Thumb Code    62  config_clock.o(.text.SystemClock_Config)
    SystemInit                               0x08001c85   Thumb Code     2  system_stm32f1xx.o(.text.SystemInit)
    UsageFault_Handler                       0x08001c89   Thumb Code     2  stm32f1xx_it.o(.text.UsageFault_Handler)
    i2c1_MemoryWrite_Byte                    0x08001cb9   Thumb Code   256  i2c.o(.text.i2c1_MemoryWrite_Byte)
    i2c1_Write_Byte                          0x08001db9   Thumb Code   176  i2c.o(.text.i2c1_Write_Byte)
    i2c1_readMemoryByte                      0x08001e69   Thumb Code   362  i2c.o(.text.i2c1_readMemoryByte)
    i2c1_readMemoryMulti                     0x08001fd5   Thumb Code   454  i2c.o(.text.i2c1_readMemoryMulti)
    i2c_init                                 0x0800219d   Thumb Code   122  i2c.o(.text.i2c_init)
    lcd_clear_display                        0x08002219   Thumb Code    44  i2c-lcd.o(.text.lcd_clear_display)
    lcd_goto_XY                              0x08002245   Thumb Code    86  i2c-lcd.o(.text.lcd_goto_XY)
    lcd_init                                 0x0800229d   Thumb Code   298  i2c-lcd.o(.text.lcd_init)
    lcd_send_string                          0x080023c9   Thumb Code   108  i2c-lcd.o(.text.lcd_send_string)
    main                                     0x08002435   Thumb Code   720  main.o(.text.main)
    _btod_d2e                                0x0800276d   Thumb Code    62  btod.o(CL$$btod_d2e)
    _d2e_denorm_low                          0x080027ab   Thumb Code    70  btod.o(CL$$btod_d2e_denorm_low)
    _d2e_norm_op1                            0x080027f1   Thumb Code    96  btod.o(CL$$btod_d2e_norm_op1)
    __btod_div_common                        0x08002851   Thumb Code   696  btod.o(CL$$btod_div_common)
    _e2e                                     0x08002b89   Thumb Code   220  btod.o(CL$$btod_e2e)
    _btod_ediv                               0x08002c65   Thumb Code    42  btod.o(CL$$btod_ediv)
    _btod_emul                               0x08002c8f   Thumb Code    42  btod.o(CL$$btod_emul)
    __btod_mult_common                       0x08002cb9   Thumb Code   580  btod.o(CL$$btod_mult_common)
    __ARM_fpclassify                         0x08002efd   Thumb Code    40  fpclassify.o(i.__ARM_fpclassify)
    _is_digit                                0x08002f25   Thumb Code    14  __printf_wp.o(i._is_digit)
    _get_lc_numeric                          0x08002f35   Thumb Code    44  lc_numeric_c.o(locale$$code)
    _get_lc_ctype                            0x08002f61   Thumb Code    44  lc_ctype_c.o(locale$$code)
    __fpl_dretinf                            0x08002f8d   Thumb Code    12  dretinf.o(x$fpl$dretinf)
    __aeabi_f2d                              0x08002f99   Thumb Code     0  f2d.o(x$fpl$f2d)
    _f2d                                     0x08002f99   Thumb Code    86  f2d.o(x$fpl$f2d)
    __fpl_fnaninf                            0x08002fef   Thumb Code   140  fnaninf.o(x$fpl$fnaninf)
    _printf_fp_dec                           0x0800307b   Thumb Code     4  printf1.o(x$fpl$printf1)
    _printf_fp_hex                           0x0800307f   Thumb Code     4  printf2.o(x$fpl$printf2)
    __I$use$fp                               0x08003082   Number         0  usenofp.o(x$fpl$usenofp)
    AHBPrescTable                            0x08003180   Data          16  system_stm32f1xx.o(.rodata.AHBPrescTable)
    Region$$Table$$Base                      0x080031a4   Number         0  anon$$obj.o(Region$$Table)
    Region$$Table$$Limit                     0x080031c4   Number         0  anon$$obj.o(Region$$Table)
    __ctype                                  0x080031ed   Data           0  lc_ctype_c.o(locale$$data)
    uwTickFreq                               0x20000000   Data           1  stm32f1xx_hal.o(.data..L_MergedGlobals)
    uwTickPrio                               0x20000004   Data           4  stm32f1xx_hal.o(.data..L_MergedGlobals)
    SystemCoreClock                          0x20000008   Data           4  system_stm32f1xx.o(.data.SystemCoreClock)
    g_state                                  0x2000000c   Data           1  main.o(.data.g_state)
    __libspace_start                         0x20000010   Data          96  libspace.o(.bss)
    __temporary_stack_top$libspace           0x20000070   Data           0  libspace.o(.bss)
    nga                                      0x20000070   Data           1  main.o(.bss..L_MergedGlobals)
    x_raw                                    0x20000072   Data           2  main.o(.bss..L_MergedGlobals)
    y_raw                                    0x20000074   Data           2  main.o(.bss..L_MergedGlobals)
    z_raw                                    0x20000076   Data           2  main.o(.bss..L_MergedGlobals)
    ticks_lcd                                0x20000078   Data           4  main.o(.bss..L_MergedGlobals)
    Compas_Value                             0x2000007c   Data           4  main.o(.bss..L_MergedGlobals)
    ticksGreen                               0x20000080   Data           4  main.o(.bss..L_MergedGlobals)
    ticksRed                                 0x20000084   Data           4  main.o(.bss..L_MergedGlobals)
    uwTick                                   0x20000088   Data           4  stm32f1xx_hal.o(.bss.uwTick)



==============================================================================

Memory Map of the image

  Image Entry point : 0x080000ed

  Load Region LR_IROM1 (Base: 0x08000000, Size: 0x00003300, Max: 0x00010000, ABSOLUTE)

    Execution Region ER_IROM1 (Exec base: 0x08000000, Load base: 0x08000000, Size: 0x000032f0, Max: 0x00010000, ABSOLUTE)

    Exec Addr    Load Addr    Size         Type   Attr      Idx    E Section Name        Object

    0x08000000   0x08000000   0x000000ec   Data   RO            3    RESET               startup_stm32f103xb.o
    0x080000ec   0x080000ec   0x00000008   Code   RO          653  * !!!main             c_w.l(__main.o)
    0x080000f4   0x080000f4   0x0000005c   Code   RO          996    !!!scatter          c_w.l(__scatter.o)
    0x08000150   0x08000150   0x0000001a   Code   RO         1000    !!handler_copy      c_w.l(__scatter_copy.o)
    0x0800016a   0x0800016a   0x00000002   PAD
    0x0800016c   0x0800016c   0x00000002   Code   RO          997    !!handler_null      c_w.l(__scatter.o)
    0x0800016e   0x0800016e   0x00000002   PAD
    0x08000170   0x08000170   0x0000001c   Code   RO         1002    !!handler_zi        c_w.l(__scatter_zi.o)
    0x0800018c   0x0800018c   0x00000000   Code   RO          739    .ARM.Collect$$_printf_percent$$00000000  c_w.l(_printf_percent.o)
    0x0800018c   0x0800018c   0x00000006   Code   RO          728    .ARM.Collect$$_printf_percent$$00000001  c_w.l(_printf_n.o)
    0x08000192   0x08000192   0x00000006   Code   RO          730    .ARM.Collect$$_printf_percent$$00000002  c_w.l(_printf_p.o)
    0x08000198   0x08000198   0x00000006   Code   RO          735    .ARM.Collect$$_printf_percent$$00000003  c_w.l(_printf_f.o)
    0x0800019e   0x0800019e   0x00000006   Code   RO          736    .ARM.Collect$$_printf_percent$$00000004  c_w.l(_printf_e.o)
    0x080001a4   0x080001a4   0x00000006   Code   RO          737    .ARM.Collect$$_printf_percent$$00000005  c_w.l(_printf_g.o)
    0x080001aa   0x080001aa   0x00000006   Code   RO          738    .ARM.Collect$$_printf_percent$$00000006  c_w.l(_printf_a.o)
    0x080001b0   0x080001b0   0x0000000a   Code   RO          743    .ARM.Collect$$_printf_percent$$00000007  c_w.l(_printf_ll.o)
    0x080001ba   0x080001ba   0x00000006   Code   RO          732    .ARM.Collect$$_printf_percent$$00000008  c_w.l(_printf_i.o)
    0x080001c0   0x080001c0   0x00000006   Code   RO          733    .ARM.Collect$$_printf_percent$$00000009  c_w.l(_printf_d.o)
    0x080001c6   0x080001c6   0x00000006   Code   RO          734    .ARM.Collect$$_printf_percent$$0000000A  c_w.l(_printf_u.o)
    0x080001cc   0x080001cc   0x00000006   Code   RO          731    .ARM.Collect$$_printf_percent$$0000000B  c_w.l(_printf_o.o)
    0x080001d2   0x080001d2   0x00000006   Code   RO          729    .ARM.Collect$$_printf_percent$$0000000C  c_w.l(_printf_x.o)
    0x080001d8   0x080001d8   0x00000006   Code   RO          740    .ARM.Collect$$_printf_percent$$0000000D  c_w.l(_printf_lli.o)
    0x080001de   0x080001de   0x00000006   Code   RO          741    .ARM.Collect$$_printf_percent$$0000000E  c_w.l(_printf_lld.o)
    0x080001e4   0x080001e4   0x00000006   Code   RO          742    .ARM.Collect$$_printf_percent$$0000000F  c_w.l(_printf_llu.o)
    0x080001ea   0x080001ea   0x00000006   Code   RO          747    .ARM.Collect$$_printf_percent$$00000010  c_w.l(_printf_llo.o)
    0x080001f0   0x080001f0   0x00000006   Code   RO          748    .ARM.Collect$$_printf_percent$$00000011  c_w.l(_printf_llx.o)
    0x080001f6   0x080001f6   0x0000000a   Code   RO          744    .ARM.Collect$$_printf_percent$$00000012  c_w.l(_printf_l.o)
    0x08000200   0x08000200   0x00000006   Code   RO          726    .ARM.Collect$$_printf_percent$$00000013  c_w.l(_printf_c.o)
    0x08000206   0x08000206   0x00000006   Code   RO          727    .ARM.Collect$$_printf_percent$$00000014  c_w.l(_printf_s.o)
    0x0800020c   0x0800020c   0x00000006   Code   RO          745    .ARM.Collect$$_printf_percent$$00000015  c_w.l(_printf_lc.o)
    0x08000212   0x08000212   0x00000006   Code   RO          746    .ARM.Collect$$_printf_percent$$00000016  c_w.l(_printf_ls.o)
    0x08000218   0x08000218   0x00000004   Code   RO          794    .ARM.Collect$$_printf_percent$$00000017  c_w.l(_printf_percent_end.o)
    0x0800021c   0x0800021c   0x00000002   Code   RO          845    .ARM.Collect$$libinit$$00000000  c_w.l(libinit.o)
    0x0800021e   0x0800021e   0x00000000   Code   RO          863    .ARM.Collect$$libinit$$00000002  c_w.l(libinit2.o)
    0x0800021e   0x0800021e   0x00000000   Code   RO          865    .ARM.Collect$$libinit$$00000004  c_w.l(libinit2.o)
    0x0800021e   0x0800021e   0x00000000   Code   RO          867    .ARM.Collect$$libinit$$00000006  c_w.l(libinit2.o)
    0x0800021e   0x0800021e   0x00000000   Code   RO          870    .ARM.Collect$$libinit$$0000000C  c_w.l(libinit2.o)
    0x0800021e   0x0800021e   0x00000000   Code   RO          872    .ARM.Collect$$libinit$$0000000E  c_w.l(libinit2.o)
    0x0800021e   0x0800021e   0x00000000   Code   RO          874    .ARM.Collect$$libinit$$00000010  c_w.l(libinit2.o)
    0x0800021e   0x0800021e   0x00000006   Code   RO          875    .ARM.Collect$$libinit$$00000011  c_w.l(libinit2.o)
    0x08000224   0x08000224   0x00000000   Code   RO          877    .ARM.Collect$$libinit$$00000013  c_w.l(libinit2.o)
    0x08000224   0x08000224   0x0000000c   Code   RO          878    .ARM.Collect$$libinit$$00000014  c_w.l(libinit2.o)
    0x08000230   0x08000230   0x00000000   Code   RO          879    .ARM.Collect$$libinit$$00000015  c_w.l(libinit2.o)
    0x08000230   0x08000230   0x00000000   Code   RO          881    .ARM.Collect$$libinit$$00000017  c_w.l(libinit2.o)
    0x08000230   0x08000230   0x0000000a   Code   RO          882    .ARM.Collect$$libinit$$00000018  c_w.l(libinit2.o)
    0x0800023a   0x0800023a   0x00000000   Code   RO          883    .ARM.Collect$$libinit$$00000019  c_w.l(libinit2.o)
    0x0800023a   0x0800023a   0x00000000   Code   RO          885    .ARM.Collect$$libinit$$0000001B  c_w.l(libinit2.o)
    0x0800023a   0x0800023a   0x00000000   Code   RO          887    .ARM.Collect$$libinit$$0000001D  c_w.l(libinit2.o)
    0x0800023a   0x0800023a   0x00000000   Code   RO          889    .ARM.Collect$$libinit$$0000001F  c_w.l(libinit2.o)
    0x0800023a   0x0800023a   0x00000000   Code   RO          891    .ARM.Collect$$libinit$$00000021  c_w.l(libinit2.o)
    0x0800023a   0x0800023a   0x00000000   Code   RO          893    .ARM.Collect$$libinit$$00000023  c_w.l(libinit2.o)
    0x0800023a   0x0800023a   0x00000000   Code   RO          895    .ARM.Collect$$libinit$$00000025  c_w.l(libinit2.o)
    0x0800023a   0x0800023a   0x00000000   Code   RO          897    .ARM.Collect$$libinit$$00000027  c_w.l(libinit2.o)
    0x0800023a   0x0800023a   0x00000000   Code   RO          901    .ARM.Collect$$libinit$$0000002E  c_w.l(libinit2.o)
    0x0800023a   0x0800023a   0x00000000   Code   RO          903    .ARM.Collect$$libinit$$00000030  c_w.l(libinit2.o)
    0x0800023a   0x0800023a   0x00000000   Code   RO          905    .ARM.Collect$$libinit$$00000032  c_w.l(libinit2.o)
    0x0800023a   0x0800023a   0x00000000   Code   RO          907    .ARM.Collect$$libinit$$00000034  c_w.l(libinit2.o)
    0x0800023a   0x0800023a   0x00000002   Code   RO          908    .ARM.Collect$$libinit$$00000035  c_w.l(libinit2.o)
    0x0800023c   0x0800023c   0x00000002   Code   RO          932    .ARM.Collect$$libshutdown$$00000000  c_w.l(libshutdown.o)
    0x0800023e   0x0800023e   0x00000000   Code   RO          947    .ARM.Collect$$libshutdown$$00000002  c_w.l(libshutdown2.o)
    0x0800023e   0x0800023e   0x00000000   Code   RO          949    .ARM.Collect$$libshutdown$$00000004  c_w.l(libshutdown2.o)
    0x0800023e   0x0800023e   0x00000000   Code   RO          952    .ARM.Collect$$libshutdown$$00000007  c_w.l(libshutdown2.o)
    0x0800023e   0x0800023e   0x00000000   Code   RO          955    .ARM.Collect$$libshutdown$$0000000A  c_w.l(libshutdown2.o)
    0x0800023e   0x0800023e   0x00000000   Code   RO          957    .ARM.Collect$$libshutdown$$0000000C  c_w.l(libshutdown2.o)
    0x0800023e   0x0800023e   0x00000000   Code   RO          960    .ARM.Collect$$libshutdown$$0000000F  c_w.l(libshutdown2.o)
    0x0800023e   0x0800023e   0x00000002   Code   RO          961    .ARM.Collect$$libshutdown$$00000010  c_w.l(libshutdown2.o)
    0x08000240   0x08000240   0x00000000   Code   RO          657    .ARM.Collect$$rtentry$$00000000  c_w.l(__rtentry.o)
    0x08000240   0x08000240   0x00000000   Code   RO          763    .ARM.Collect$$rtentry$$00000002  c_w.l(__rtentry2.o)
    0x08000240   0x08000240   0x00000006   Code   RO          775    .ARM.Collect$$rtentry$$00000004  c_w.l(__rtentry4.o)
    0x08000246   0x08000246   0x00000000   Code   RO          765    .ARM.Collect$$rtentry$$00000009  c_w.l(__rtentry2.o)
    0x08000246   0x08000246   0x00000004   Code   RO          766    .ARM.Collect$$rtentry$$0000000A  c_w.l(__rtentry2.o)
    0x0800024a   0x0800024a   0x00000000   Code   RO          768    .ARM.Collect$$rtentry$$0000000C  c_w.l(__rtentry2.o)
    0x0800024a   0x0800024a   0x00000008   Code   RO          769    .ARM.Collect$$rtentry$$0000000D  c_w.l(__rtentry2.o)
    0x08000252   0x08000252   0x00000002   Code   RO          853    .ARM.Collect$$rtexit$$00000000  c_w.l(rtexit.o)
    0x08000254   0x08000254   0x00000000   Code   RO          910    .ARM.Collect$$rtexit$$00000002  c_w.l(rtexit2.o)
    0x08000254   0x08000254   0x00000004   Code   RO          911    .ARM.Collect$$rtexit$$00000003  c_w.l(rtexit2.o)
    0x08000258   0x08000258   0x00000006   Code   RO          912    .ARM.Collect$$rtexit$$00000004  c_w.l(rtexit2.o)
    0x0800025e   0x0800025e   0x00000002   PAD
    0x08000260   0x08000260   0x00000040   Code   RO            4    .text               startup_stm32f103xb.o
    0x080002a0   0x080002a0   0x0000003c   Code   RO          649    .text               c_w.l(vsnprintf.o)
    0x080002dc   0x080002dc   0x00000006   Code   RO          651    .text               c_w.l(heapauxi.o)
    0x080002e2   0x080002e2   0x0000004e   Code   RO          660    .text               c_w.l(_printf_pad.o)
    0x08000330   0x08000330   0x00000024   Code   RO          662    .text               c_w.l(_printf_truncate.o)
    0x08000354   0x08000354   0x00000052   Code   RO          664    .text               c_w.l(_printf_str.o)
    0x080003a6   0x080003a6   0x00000002   PAD
    0x080003a8   0x080003a8   0x00000078   Code   RO          666    .text               c_w.l(_printf_dec.o)
    0x08000420   0x08000420   0x00000028   Code   RO          668    .text               c_w.l(_printf_charcount.o)
    0x08000448   0x08000448   0x00000030   Code   RO          670    .text               c_w.l(_printf_char_common.o)
    0x08000478   0x08000478   0x00000010   Code   RO          672    .text               c_w.l(_snputc.o)
    0x08000488   0x08000488   0x000000bc   Code   RO          674    .text               c_w.l(_printf_wctomb.o)
    0x08000544   0x08000544   0x0000007c   Code   RO          677    .text               c_w.l(_printf_longlong_dec.o)
    0x080005c0   0x080005c0   0x00000070   Code   RO          683    .text               c_w.l(_printf_oct_int_ll.o)
    0x08000630   0x08000630   0x00000094   Code   RO          703    .text               c_w.l(_printf_hex_int_ll_ptr.o)
    0x080006c4   0x080006c4   0x00000188   Code   RO          723    .text               c_w.l(__printf_flags_ss_wp.o)
    0x0800084c   0x0800084c   0x0000008a   Code   RO          777    .text               c_w.l(lludiv10.o)
    0x080008d6   0x080008d6   0x000000b2   Code   RO          779    .text               c_w.l(_printf_intcommon.o)
    0x08000988   0x08000988   0x0000041c   Code   RO          781    .text               c_w.l(_printf_fp_dec.o)
    0x08000da4   0x08000da4   0x000002fc   Code   RO          785    .text               c_w.l(_printf_fp_hex.o)
    0x080010a0   0x080010a0   0x0000002c   Code   RO          790    .text               c_w.l(_printf_char.o)
    0x080010cc   0x080010cc   0x0000002c   Code   RO          792    .text               c_w.l(_printf_wchar.o)
    0x080010f8   0x080010f8   0x00000048   Code   RO          795    .text               c_w.l(_c16rtomb.o)
    0x08001140   0x08001140   0x0000004a   Code   RO          797    .text               c_w.l(sys_stackheap_outer.o)
    0x0800118a   0x0800118a   0x00000002   PAD
    0x0800118c   0x0800118c   0x00000010   Code   RO          799    .text               c_w.l(rt_ctype_table.o)
    0x0800119c   0x0800119c   0x00000008   Code   RO          804    .text               c_w.l(rt_locale_intlibspace.o)
    0x080011a4   0x080011a4   0x00000080   Code   RO          806    .text               c_w.l(_printf_fp_infnan.o)
    0x08001224   0x08001224   0x000000e4   Code   RO          808    .text               c_w.l(bigflt0.o)
    0x08001308   0x08001308   0x00000012   Code   RO          838    .text               c_w.l(exit.o)
    0x0800131a   0x0800131a   0x00000002   PAD
    0x0800131c   0x0800131c   0x00000008   Code   RO          850    .text               c_w.l(libspace.o)
    0x08001324   0x08001324   0x00000080   Code   RO          860    .text               c_w.l(strcmpv7m.o)
    0x080013a4   0x080013a4   0x0000000c   Code   RO          922    .text               c_w.l(sys_exit.o)
    0x080013b0   0x080013b0   0x00000002   Code   RO          937    .text               c_w.l(use_no_semi.o)
    0x080013b2   0x080013b2   0x00000000   Code   RO          939    .text               c_w.l(indicate_semi.o)
    0x080013b2   0x080013b2   0x00000002   PAD
    0x080013b4   0x080013b4   0x00000002   Code   RO           56    .text.BusFault_Handler  stm32f1xx_it.o
    0x080013b6   0x080013b6   0x00000002   PAD
    0x080013b8   0x080013b8   0x00000002   Code   RO           62    .text.DebugMon_Handler  stm32f1xx_it.o
    0x080013ba   0x080013ba   0x00000002   PAD
    0x080013bc   0x080013bc   0x00000028   Code   RO          318    .text.HAL_Delay     stm32f1xx_hal.o
    0x080013e4   0x080013e4   0x0000000c   Code   RO          310    .text.HAL_GetTick   stm32f1xx_hal.o
    0x080013f0   0x080013f0   0x0000001a   Code   RO          308    .text.HAL_IncTick   stm32f1xx_hal.o
    0x0800140a   0x0800140a   0x00000002   PAD
    0x0800140c   0x0800140c   0x00000026   Code   RO          298    .text.HAL_Init      stm32f1xx_hal.o
    0x08001432   0x08001432   0x00000002   PAD
    0x08001434   0x08001434   0x00000048   Code   RO          300    .text.HAL_InitTick  stm32f1xx_hal.o
    0x0800147c   0x0800147c   0x00000042   Code   RO           75    .text.HAL_MspInit   stm32f1xx_hal_msp.o
    0x080014be   0x080014be   0x00000002   PAD
    0x080014c0   0x080014c0   0x00000056   Code   RO          468    .text.HAL_NVIC_SetPriority  stm32f1xx_hal_cortex.o
    0x08001516   0x08001516   0x00000002   PAD
    0x08001518   0x08001518   0x00000020   Code   RO          466    .text.HAL_NVIC_SetPriorityGrouping  stm32f1xx_hal_cortex.o
    0x08001538   0x08001538   0x00000004   Code   RO          474    .text.HAL_NVIC_SystemReset  stm32f1xx_hal_cortex.o
    0x0800153c   0x0800153c   0x000001c2   Code   RO          362    .text.HAL_RCC_ClockConfig  stm32f1xx_hal_rcc.o
    0x080016fe   0x080016fe   0x00000002   PAD
    0x08001700   0x08001700   0x00000400   Code   RO          360    .text.HAL_RCC_OscConfig  stm32f1xx_hal_rcc.o
    0x08001b00   0x08001b00   0x0000002c   Code   RO          478    .text.HAL_SYSTICK_Config  stm32f1xx_hal_cortex.o
    0x08001b2c   0x08001b2c   0x00000002   Code   RO           52    .text.HardFault_Handler  stm32f1xx_it.o
    0x08001b2e   0x08001b2e   0x00000002   PAD
    0x08001b30   0x08001b30   0x000000c2   Code   RO          113    .text.MMA8452Q_Init  mma8452.o
    0x08001bf2   0x08001bf2   0x00000002   PAD
    0x08001bf4   0x08001bf4   0x0000003a   Code   RO          121    .text.MMA8452Q_Read_Accel  mma8452.o
    0x08001c2e   0x08001c2e   0x00000002   PAD
    0x08001c30   0x08001c30   0x00000002   Code   RO           54    .text.MemManage_Handler  stm32f1xx_it.o
    0x08001c32   0x08001c32   0x00000002   PAD
    0x08001c34   0x08001c34   0x00000002   Code   RO           50    .text.NMI_Handler   stm32f1xx_it.o
    0x08001c36   0x08001c36   0x00000002   PAD
    0x08001c38   0x08001c38   0x00000002   Code   RO           64    .text.PendSV_Handler  stm32f1xx_it.o
    0x08001c3a   0x08001c3a   0x00000002   PAD
    0x08001c3c   0x08001c3c   0x00000002   Code   RO           60    .text.SVC_Handler   stm32f1xx_it.o
    0x08001c3e   0x08001c3e   0x00000002   PAD
    0x08001c40   0x08001c40   0x00000004   Code   RO           66    .text.SysTick_Handler  stm32f1xx_it.o
    0x08001c44   0x08001c44   0x0000003e   Code   RO          137    .text.SystemClock_Config  config_clock.o
    0x08001c82   0x08001c82   0x00000002   PAD
    0x08001c84   0x08001c84   0x00000002   Code   RO          633    .text.SystemInit    system_stm32f1xx.o
    0x08001c86   0x08001c86   0x00000002   PAD
    0x08001c88   0x08001c88   0x00000002   Code   RO           58    .text.UsageFault_Handler  stm32f1xx_it.o
    0x08001c8a   0x08001c8a   0x00000002   PAD
    0x08001c8c   0x08001c8c   0x0000002a   Code   RO          476    .text.__NVIC_SystemReset  stm32f1xx_hal_cortex.o
    0x08001cb6   0x08001cb6   0x00000002   PAD
    0x08001cb8   0x08001cb8   0x00000100   Code   RO           93    .text.i2c1_MemoryWrite_Byte  i2c.o
    0x08001db8   0x08001db8   0x000000b0   Code   RO           95    .text.i2c1_Write_Byte  i2c.o
    0x08001e68   0x08001e68   0x0000016a   Code   RO           97    .text.i2c1_readMemoryByte  i2c.o
    0x08001fd2   0x08001fd2   0x00000002   PAD
    0x08001fd4   0x08001fd4   0x000001c6   Code   RO          101    .text.i2c1_readMemoryMulti  i2c.o
    0x0800219a   0x0800219a   0x00000002   PAD
    0x0800219c   0x0800219c   0x0000007a   Code   RO           89    .text.i2c_init      i2c.o
    0x08002216   0x08002216   0x00000002   PAD
    0x08002218   0x08002218   0x0000002c   Code   RO           19    .text.lcd_clear_display  i2c-lcd.o
    0x08002244   0x08002244   0x00000056   Code   RO           21    .text.lcd_goto_XY   i2c-lcd.o
    0x0800229a   0x0800229a   0x00000002   PAD
    0x0800229c   0x0800229c   0x0000012a   Code   RO           15    .text.lcd_init      i2c-lcd.o
    0x080023c6   0x080023c6   0x00000002   PAD
    0x080023c8   0x080023c8   0x0000006c   Code   RO           17    .text.lcd_send_string  i2c-lcd.o
    0x08002434   0x08002434   0x00000338   Code   RO           31    .text.main          main.o
    0x0800276c   0x0800276c   0x0000003e   Code   RO          811    CL$$btod_d2e        c_w.l(btod.o)
    0x080027aa   0x080027aa   0x00000046   Code   RO          813    CL$$btod_d2e_denorm_low  c_w.l(btod.o)
    0x080027f0   0x080027f0   0x00000060   Code   RO          812    CL$$btod_d2e_norm_op1  c_w.l(btod.o)
    0x08002850   0x08002850   0x00000338   Code   RO          821    CL$$btod_div_common  c_w.l(btod.o)
    0x08002b88   0x08002b88   0x000000dc   Code   RO          818    CL$$btod_e2e        c_w.l(btod.o)
    0x08002c64   0x08002c64   0x0000002a   Code   RO          815    CL$$btod_ediv       c_w.l(btod.o)
    0x08002c8e   0x08002c8e   0x0000002a   Code   RO          814    CL$$btod_emul       c_w.l(btod.o)
    0x08002cb8   0x08002cb8   0x00000244   Code   RO          820    CL$$btod_mult_common  c_w.l(btod.o)
    0x08002efc   0x08002efc   0x00000028   Code   RO          848    i.__ARM_fpclassify  m_ws.l(fpclassify.o)
    0x08002f24   0x08002f24   0x0000000e   Code   RO          716    i._is_digit         c_w.l(__printf_wp.o)
    0x08002f32   0x08002f32   0x00000002   PAD
    0x08002f34   0x08002f34   0x0000002c   Code   RO          836    locale$$code        c_w.l(lc_numeric_c.o)
    0x08002f60   0x08002f60   0x0000002c   Code   RO          858    locale$$code        c_w.l(lc_ctype_c.o)
    0x08002f8c   0x08002f8c   0x0000000c   Code   RO          749    x$fpl$dretinf       fz_ws.l(dretinf.o)
    0x08002f98   0x08002f98   0x00000056   Code   RO          655    x$fpl$f2d           fz_ws.l(f2d.o)
    0x08002fee   0x08002fee   0x0000008c   Code   RO          751    x$fpl$fnaninf       fz_ws.l(fnaninf.o)
    0x0800307a   0x0800307a   0x00000004   Code   RO          753    x$fpl$printf1       fz_ws.l(printf1.o)
    0x0800307e   0x0800307e   0x00000004   Code   RO          755    x$fpl$printf2       fz_ws.l(printf2.o)
    0x08003082   0x08003082   0x00000000   Code   RO          761    x$fpl$usenofp       fz_ws.l(usenofp.o)
    0x08003082   0x08003082   0x00000002   PAD
    0x08003084   0x08003084   0x00000008   Data   RO          675    .constdata          c_w.l(_printf_wctomb.o)
    0x0800308c   0x0800308c   0x00000028   Data   RO          704    .constdata          c_w.l(_printf_hex_int_ll_ptr.o)
    0x080030b4   0x080030b4   0x00000011   Data   RO          724    .constdata          c_w.l(__printf_flags_ss_wp.o)
    0x080030c5   0x080030c5   0x00000026   Data   RO          786    .constdata          c_w.l(_printf_fp_hex.o)
    0x080030eb   0x080030eb   0x00000001   PAD
    0x080030ec   0x080030ec   0x00000094   Data   RO          809    .constdata          c_w.l(bigflt0.o)
    0x08003180   0x08003180   0x00000010   Data   RO          638    .rodata.AHBPrescTable  system_stm32f1xx.o
    0x08003190   0x08003190   0x00000002   Data   RO          387    .rodata.HAL_RCC_GetSysClockFreq.aPredivFactorTable  stm32f1xx_hal_rcc.o
    0x08003192   0x08003192   0x00000010   Data   RO          386    .rodata.cst16       stm32f1xx_hal_rcc.o
    0x080031a2   0x080031a2   0x00000002   PAD
    0x080031a4   0x080031a4   0x00000020   Data   RO          995    Region$$Table       anon$$obj.o
    0x080031c4   0x080031c4   0x0000001c   Data   RO          835    locale$$data        c_w.l(lc_numeric_c.o)
    0x080031e0   0x080031e0   0x00000110   Data   RO          857    locale$$data        c_w.l(lc_ctype_c.o)


    Execution Region RW_IRAM1 (Exec base: 0x20000000, Load base: 0x080032f0, Size: 0x00000690, Max: 0x00005000, ABSOLUTE)

    Exec Addr    Load Addr    Size         Type   Attr      Idx    E Section Name        Object

    0x20000000   0x080032f0   0x00000008   Data   RW          349    .data..L_MergedGlobals  stm32f1xx_hal.o
    0x20000008   0x080032f8   0x00000004   Data   RW          637    .data.SystemCoreClock  system_stm32f1xx.o
    0x2000000c   0x080032fc   0x00000001   Data   RW           35    .data.g_state       main.o
    0x2000000d   0x080032fd   0x00000003   PAD
    0x20000010        -       0x00000060   Zero   RW          851    .bss                c_w.l(libspace.o)
    0x20000070        -       0x00000018   Zero   RW           41    .bss..L_MergedGlobals  main.o
    0x20000088        -       0x00000004   Zero   RW          348    .bss.uwTick         stm32f1xx_hal.o
    0x2000008c   0x080032fd   0x00000004   PAD
    0x20000090        -       0x00000200   Zero   RW            2    HEAP                startup_stm32f103xb.o
    0x20000290        -       0x00000400   Zero   RW            1    STACK               startup_stm32f103xb.o


==============================================================================

Image component sizes


      Code (inc. data)   RO Data    RW Data    ZI Data      Debug   Object Name

        62          0          0          0          0       1586   config_clock.o
       536          0          0          0          0       5388   i2c-lcd.o
      1370          0          0          0          0       4862   i2c.o
       824        104          0          1         24       2621   main.o
       252          0          0          0          0       6676   mma8452.o
        64         26        236          0       1536        772   startup_stm32f103xb.o
       188          0          0          8          4       5725   stm32f1xx_hal.o
       208          0          0          0          0       8416   stm32f1xx_hal_cortex.o
        66          0          0          0          0       4283   stm32f1xx_hal_msp.o
      1474          0         18          0          0       7906   stm32f1xx_hal_rcc.o
        20          0          0          0          0       1117   stm32f1xx_it.o
         2          0         16          4          0       1563   system_stm32f1xx.o

    ----------------------------------------------------------------------
      5112        130        304         16       1568      50915   Object Totals
         0          0         32          0          0          0   (incl. Generated)
        46          0          2          3          4          0   (incl. Padding)

    ----------------------------------------------------------------------

      Code (inc. data)   RO Data    RW Data    ZI Data      Debug   Library Member Name

         8          0          0          0          0         68   __main.o
       392          4         17          0          0         92   __printf_flags_ss_wp.o
        14          0          0          0          0         68   __printf_wp.o
         0          0          0          0          0          0   __rtentry.o
        12          0          0          0          0          0   __rtentry2.o
         6          0          0          0          0          0   __rtentry4.o
        94          8          0          0          0          0   __scatter.o
        26          0          0          0          0          0   __scatter_copy.o
        28          0          0          0          0          0   __scatter_zi.o
        72          0          0          0          0         96   _c16rtomb.o
         6          0          0          0          0          0   _printf_a.o
         6          0          0          0          0          0   _printf_c.o
        44          0          0          0          0        108   _printf_char.o
        48          6          0          0          0         96   _printf_char_common.o
        40          0          0          0          0         68   _printf_charcount.o
         6          0          0          0          0          0   _printf_d.o
       120         16          0          0          0         92   _printf_dec.o
         6          0          0          0          0          0   _printf_e.o
         6          0          0          0          0          0   _printf_f.o
      1052          0          0          0          0        148   _printf_fp_dec.o
       764          8         38          0          0        100   _printf_fp_hex.o
       128         16          0          0          0         84   _printf_fp_infnan.o
         6          0          0          0          0          0   _printf_g.o
       148          4         40          0          0        160   _printf_hex_int_ll_ptr.o
         6          0          0          0          0          0   _printf_i.o
       178          0          0          0          0         88   _printf_intcommon.o
        10          0          0          0          0          0   _printf_l.o
         6          0          0          0          0          0   _printf_lc.o
        10          0          0          0          0          0   _printf_ll.o
         6          0          0          0          0          0   _printf_lld.o
         6          0          0          0          0          0   _printf_lli.o
         6          0          0          0          0          0   _printf_llo.o
         6          0          0          0          0          0   _printf_llu.o
         6          0          0          0          0          0   _printf_llx.o
       124         16          0          0          0         92   _printf_longlong_dec.o
         6          0          0          0          0          0   _printf_ls.o
         6          0          0          0          0          0   _printf_n.o
         6          0          0          0          0          0   _printf_o.o
       112          8          0          0          0        124   _printf_oct_int_ll.o
         6          0          0          0          0          0   _printf_p.o
        78          0          0          0          0        108   _printf_pad.o
         0          0          0          0          0          0   _printf_percent.o
         4          0          0          0          0          0   _printf_percent_end.o
         6          0          0          0          0          0   _printf_s.o
        82          0          0          0          0         80   _printf_str.o
        36          0          0          0          0         84   _printf_truncate.o
         6          0          0          0          0          0   _printf_u.o
        44          0          0          0          0        108   _printf_wchar.o
       188          6          8          0          0         92   _printf_wctomb.o
         6          0          0          0          0          0   _printf_x.o
        16          0          0          0          0         68   _snputc.o
       228          4        148          0          0         96   bigflt0.o
      1936        128          0          0          0        668   btod.o
        18          0          0          0          0         80   exit.o
         6          0          0          0          0        152   heapauxi.o
         0          0          0          0          0          0   indicate_semi.o
        44         10        272          0          0         76   lc_ctype_c.o
        44         10         28          0          0         76   lc_numeric_c.o
         2          0          0          0          0          0   libinit.o
        30          0          0          0          0          0   libinit2.o
         2          0          0          0          0          0   libshutdown.o
         2          0          0          0          0          0   libshutdown2.o
         8          4          0          0         96         68   libspace.o
       138          0          0          0          0         80   lludiv10.o
        16          4          0          0          0         76   rt_ctype_table.o
         8          4          0          0          0         68   rt_locale_intlibspace.o
         2          0          0          0          0          0   rtexit.o
        10          0          0          0          0          0   rtexit2.o
       128          0          0          0          0         68   strcmpv7m.o
        12          4          0          0          0         68   sys_exit.o
        74          0          0          0          0         80   sys_stackheap_outer.o
         2          0          0          0          0         68   use_no_semi.o
        60          4          0          0          0         80   vsnprintf.o
        12          0          0          0          0         68   dretinf.o
        86          4          0          0          0         84   f2d.o
       140          4          0          0          0         84   fnaninf.o
         4          0          0          0          0         68   printf1.o
         4          0          0          0          0         68   printf2.o
         0          0          0          0          0          0   usenofp.o
        40          0          0          0          0         68   fpclassify.o

    ----------------------------------------------------------------------
      7072        272        552          0         96       4268   Library Totals
        18          0          1          0          0          0   (incl. Padding)

    ----------------------------------------------------------------------

      Code (inc. data)   RO Data    RW Data    ZI Data      Debug   Library Name

      6768        264        551          0         96       3828   c_w.l
       246          8          0          0          0        372   fz_ws.l
        40          0          0          0          0         68   m_ws.l

    ----------------------------------------------------------------------
      7072        272        552          0         96       4268   Library Totals

    ----------------------------------------------------------------------

==============================================================================


      Code (inc. data)   RO Data    RW Data    ZI Data      Debug   

     12184        402        856         16       1664      52759   Grand Totals
     12184        402        856         16       1664      52759   ELF Image Totals
     12184        402        856         16          0          0   ROM Totals

==============================================================================

    Total RO  Size (Code + RO Data)                13040 (  12.73kB)
    Total RW  Size (RW Data + ZI Data)              1680 (   1.64kB)
    Total ROM Size (Code + RO Data + RW Data)      13056 (  12.75kB)

==============================================================================

